C51 COMPILER V9.60.0.0   EEPROM                                                            06/16/2023 01:03:55 PAGE 1   


C51 COMPILER V9.60.0.0, COMPILATION OF MODULE EEPROM
OBJECT MODULE PLACED IN .\Objects\EEPROM.obj
COMPILER INVOKED BY: D:\Keil_v5\C51\BIN\C51.EXE EEPROM.c LARGE OPTIMIZE(8,SPEED) BROWSE DEBUG OBJECTEXTEND PRINT(.\Listi
                    -ngs\EEPROM.lst) TABS(2) OBJECT(.\Objects\EEPROM.obj)

line level    source

   1          #include "EEPROM.h"
   2          
   3          void EEPROM_OFF();     //关闭IAP功能函数
   4          char EEPROM_Read(int addr);  //读取EEPROM数据函数
   5          void EEPROM_Change(int addr, char dat); //更改EEPROM数据函数
   6          void EEPROM_Delete(int addr);  //清空EEPROM数据函数
   7          
   8          
   9          
  10          
  11          void EEPROM_OFF()
  12          {
  13   1          IAP_CONTR = 0;                              //关闭IAP功能
  14   1          IAP_CMD = 0;                                //清除命令寄存器
  15   1          IAP_TRIG = 0;                               //清除触发寄存器
  16   1          IAP_ADDRH = 0x80;                           //将地址设置到非IAP区域
  17   1          IAP_ADDRL = 0;
  18   1      }
  19          
  20          char EEPROM_Read(int addr)
  21          {
  22   1          char dat;
  23   1      
  24   1          IAP_CONTR = 0x80;                         //使能IAP
  25   1          IAP_TPS = Main_Fosc_MHZ;
  26   1          IAP_CMD = 1;                                //设置IAP读命令
  27   1          IAP_ADDRL = addr;                           //设置IAP低地址
  28   1          IAP_ADDRH = addr >> 8;                      //设置IAP高地址
  29   1          IAP_TRIG = 0x5a;                            //写触发命令(0x5a)
  30   1          IAP_TRIG = 0xa5;                            //写触发命令(0xa5)
  31   1          _nop_();
  32   1          dat = IAP_DATA;                             //读IAP数据
  33   1          EEPROM_OFF();                                  //关闭IAP功能
  34   1      
  35   1          return dat;
  36   1      }
  37          
  38          void EEPROM_Change(int addr, char dat)
  39          {
  40   1          IAP_CONTR = 0x80;                         //使能IAP
  41   1          IAP_TPS = Main_Fosc_MHZ;
  42   1          IAP_CMD = 2;                                //设置IAP写命令
  43   1          IAP_ADDRL = addr;                           //设置IAP低地址
  44   1          IAP_ADDRH = addr >> 8;                      //设置IAP高地址
  45   1          IAP_DATA = dat;                             //写IAP数据
  46   1          IAP_TRIG = 0x5a;                            //写触发命令(0x5a)
  47   1          IAP_TRIG = 0xa5;                            //写触发命令(0xa5)
  48   1          _nop_();
  49   1          EEPROM_OFF();                                  //关闭IAP功能
  50   1      }
  51          
  52          void EEPROM_Delete(int addr)
  53          {
  54   1          IAP_CONTR = 0x80;                         //使能IAP
C51 COMPILER V9.60.0.0   EEPROM                                                            06/16/2023 01:03:55 PAGE 2   

  55   1          IAP_TPS = Main_Fosc_MHZ;
  56   1          IAP_CMD = 3;                                //设置IAP擦除命令
  57   1          IAP_ADDRL = addr;                           //设置IAP低地址
  58   1          IAP_ADDRH = addr >> 8;                      //设置IAP高地址
  59   1          IAP_TRIG = 0x5a;                            //写触发命令(0x5a)
  60   1          IAP_TRIG = 0xa5;                            //写触发命令(0xa5)
  61   1          _nop_();                                    //
  62   1          EEPROM_OFF();                                  //关闭IAP功能
  63   1      }


MODULE INFORMATION:   STATIC OVERLAYABLE
   CODE SIZE        =     94    ----
   CONSTANT SIZE    =   ----    ----
   XDATA SIZE       =   ----    ----
   PDATA SIZE       =   ----    ----
   DATA SIZE        =   ----    ----
   IDATA SIZE       =   ----    ----
   BIT SIZE         =   ----    ----
END OF MODULE INFORMATION.


C51 COMPILATION COMPLETE.  0 WARNING(S),  0 ERROR(S)
