BL51 BANKED LINKER/LOCATER V6.22.2.0                                                    06/16/2023  03:00:30  PAGE 1


BL51 BANKED LINKER/LOCATER V6.22.2.0, INVOKED BY:
D:\KEIL_V5\C51\BIN\BL51.EXE .\Objects\main.obj, .\Objects\STC8A_GPIO.obj, .\Objects\sd.obj, .\Objects\STC8A_NVIC.obj, .\
>> Objects\STC8A_SPI.obj, .\Objects\STC8A_SPI_Isr.obj, .\Objects\znFAT.obj, .\Objects\deviceio.obj, .\Objects\1003b.obj,
>>  .\Objects\oled.obj, .\Objects\EEPROM.obj TO .\Objects\project PRINT (.\Listings\project.m51) RAMSIZE (256) DISABLEWA
>> RNING (16)


MEMORY MODEL: LARGE


INPUT MODULES INCLUDED:
  .\Objects\main.obj (MAIN)
  .\Objects\STC8A_GPIO.obj (STC8A_GPIO)
  .\Objects\sd.obj (SD)
  .\Objects\STC8A_NVIC.obj (STC8A_NVIC)
  .\Objects\STC8A_SPI.obj (STC8A_SPI)
  .\Objects\STC8A_SPI_Isr.obj (STC8A_SPI_ISR)
  .\Objects\znFAT.obj (ZNFAT)
  .\Objects\deviceio.obj (DEVICEIO)
  .\Objects\1003b.obj (1003B)
  .\Objects\oled.obj (OLED)
  .\Objects\EEPROM.obj (EEPROM)
  D:\KEIL_V5\C51\LIB\C51L.LIB (?C_STARTUP)
  D:\KEIL_V5\C51\LIB\C51L.LIB (?C?COPY)
  D:\KEIL_V5\C51\LIB\C51L.LIB (?C?CLDPTR)
  D:\KEIL_V5\C51\LIB\C51L.LIB (?C?CLDOPTR)
  D:\KEIL_V5\C51\LIB\C51L.LIB (?C?CILDOPTR)
  D:\KEIL_V5\C51\LIB\C51L.LIB (?C?CSTPTR)
  D:\KEIL_V5\C51\LIB\C51L.LIB (?C?CSTOPTR)
  D:\KEIL_V5\C51\LIB\C51L.LIB (?C?IMUL)
  D:\KEIL_V5\C51\LIB\C51L.LIB (?C?UIDIV)
  D:\KEIL_V5\C51\LIB\C51L.LIB (?C?SIDIV)
  D:\KEIL_V5\C51\LIB\C51L.LIB (?C?IILDX)
  D:\KEIL_V5\C51\LIB\C51L.LIB (?C?ILDIX)
  D:\KEIL_V5\C51\LIB\C51L.LIB (?C?ILDOPTR)
  D:\KEIL_V5\C51\LIB\C51L.LIB (?C?IILDOPTR)
  D:\KEIL_V5\C51\LIB\C51L.LIB (?C?ISTOPTR)
  D:\KEIL_V5\C51\LIB\C51L.LIB (?C?LMUL)
  D:\KEIL_V5\C51\LIB\C51L.LIB (?C?ULDIV)
  D:\KEIL_V5\C51\LIB\C51L.LIB (?C?ULCMP)
  D:\KEIL_V5\C51\LIB\C51L.LIB (?C?ULSHR)
  D:\KEIL_V5\C51\LIB\C51L.LIB (?C?LSHL)
  D:\KEIL_V5\C51\LIB\C51L.LIB (?C?LLDPTR)
  D:\KEIL_V5\C51\LIB\C51L.LIB (?C?LLDOPTR)
  D:\KEIL_V5\C51\LIB\C51L.LIB (?C?LSTPTR)
  D:\KEIL_V5\C51\LIB\C51L.LIB (?C?LSTOPTR)
  D:\KEIL_V5\C51\LIB\C51L.LIB (?C?LLDIDATA)
  D:\KEIL_V5\C51\LIB\C51L.LIB (?C?LLDIDATA0)
  D:\KEIL_V5\C51\LIB\C51L.LIB (?C?LLDPTR0)
  D:\KEIL_V5\C51\LIB\C51L.LIB (?C?LLDOPTR0)
  D:\KEIL_V5\C51\LIB\C51L.LIB (?C?LSTIDATA)
  D:\KEIL_V5\C51\LIB\C51L.LIB (?C?LSTXDATA)
  D:\KEIL_V5\C51\LIB\C51L.LIB (?C?LSTKIDATA)
  D:\KEIL_V5\C51\LIB\C51L.LIB (?C?LSTKXDATA)
  D:\KEIL_V5\C51\LIB\C51L.LIB (?C?LSTKPTR)
  D:\KEIL_V5\C51\LIB\C51L.LIB (?C?LSTKOPTR)
  D:\KEIL_V5\C51\LIB\C51L.LIB (STRLEN)
  D:\KEIL_V5\C51\LIB\C51L.LIB (?C_INIT)
BL51 BANKED LINKER/LOCATER V6.22.2.0                                                  06/16/2023  03:00:30  PAGE 2


  D:\KEIL_V5\C51\LIB\C51L.LIB (?C?LLDXDATA)
  D:\KEIL_V5\C51\LIB\C51L.LIB (?C?LLDPDATA)
  D:\KEIL_V5\C51\LIB\C51L.LIB (?C?LLDCODE)
  D:\KEIL_V5\C51\LIB\C51L.LIB (?C?LLDXDATA0)
  D:\KEIL_V5\C51\LIB\C51L.LIB (?C?LLDPDATA0)
  D:\KEIL_V5\C51\LIB\C51L.LIB (?C?LLDCODE0)
  D:\KEIL_V5\C51\LIB\C51L.LIB (?C?LSTPDATA)
  D:\KEIL_V5\C51\LIB\C51L.LIB (?C?LSTKPDATA)


LINK MAP OF MODULE:  .\Objects\project (MAIN)


            TYPE    BASE      LENGTH    RELOCATION   SEGMENT NAME
            -----------------------------------------------------

            * * * * * * *   D A T A   M E M O R Y   * * * * * * *
            REG     0000H     0008H     ABSOLUTE     "REG BANK 0"
            IDATA   0008H     0016H     UNIT         ?ID?_U32TOSTR?SD
                    001EH     0002H                  *** GAP ***
            BIT     0020H.0   0000H.1   UNIT         ?BI?STC8A_SPI
            BIT     0020H.1   0000H.1   UNIT         ?BI?CHECKVS1003B_DRQ?1003B
                    0020H.2   0000H.6                *** GAP ***
            IDATA   0021H     000AH     UNIT         ?ID?_STRTOU32?SD
            IDATA   002BH     0001H     UNIT         ?STACK

            * * * * * * *  X D A T A   M E M O R Y  * * * * * * *
            XDATA   0000H     020AH     UNIT         ?XD?ZNFAT
            XDATA   020AH     01AFH     UNIT         ?XD?MAIN
            XDATA   03B9H     00A6H     UNIT         _XDATA_GROUP_
            XDATA   045FH     0081H     UNIT         ?XD?STC8A_SPI
            XDATA   04E0H     001EH     UNIT         ?XD?_SD_WRITE_NSECTOR?SD
            XDATA   04FEH     000FH     UNIT         ?XD?_ZNFAT_DEVICE_WRITE_NSECTOR?DEVICEIO
            XDATA   050DH     000DH     UNIT         ?XD?_PGM2RAM?ZNFAT
            XDATA   051AH     000CH     UNIT         ?XD?_MEMORY_SET?ZNFAT
            XDATA   0526H     000CH     UNIT         ?XD?_ZNFAT_DEVICE_CLEAR_NSECTOR?DEVICEIO
            XDATA   0532H     000BH     UNIT         ?XD?_OLED_DRAWBMP?OLED
            XDATA   053DH     0007H     UNIT         ?XD?_U32TOSTR?SD
            XDATA   0544H     0007H     UNIT         ?XD?_WSTRINGLEN?ZNFAT
            XDATA   054BH     0007H     UNIT         ?XD?_OLED_SHOWSTRING?OLED
            XDATA   0552H     0006H     UNIT         ?XD?_STRINGCOPY?ZNFAT
            XDATA   0558H     0006H     UNIT         ?XD?_UPDATE_FILE_SIZE?ZNFAT
            XDATA   055EH     0006H     UNIT         ?XD?_VS1003B_SETBASSENHANCE?1003B
            XDATA   0564H     0005H     UNIT         ?XD?DEVICEIO
            XDATA   0569H     0005H     UNIT         ?XD?TEST_1003_PLAYMP3FILE?1003B
            XDATA   056EH     0003H     UNIT         ?XD?_STRTOU32?SD
            XDATA   0571H     0003H     UNIT         ?XD?_ZNFAT_CLOSE_FILE?ZNFAT
            XDATA   0574H     0003H     UNIT         ?XD?_MP3READREGISTER?1003B
            XDATA   0577H     0003H     UNIT         ?XD?VS1003B_SETVIRTUALSURROUNDON?1003B
            XDATA   057AH     0003H     UNIT         ?XD?VS1003B_SETVIRTUALSURROUNDOFF?1003B
            XDATA   057DH     0002H     UNIT         ?XD?SD
            XDATA   057FH     0002H     UNIT         ?XD?VS1003B_FILL2048ZERO?1003B
            XDATA   0581H     0002H     UNIT         ?XD?1003B
            XDATA   0583H     0002H     UNIT         ?XD?_FILL_PICTURE?OLED
            XDATA   0585H     0001H     UNIT         ?XD?STC8A_SPI_ISR
            XDATA   0586H     0001H     UNIT         ?XD?VS1003B_INIT?1003B
            XDATA   0587H     0001H     UNIT         ?XD?OLED_ON?OLED
BL51 BANKED LINKER/LOCATER V6.22.2.0                                                  06/16/2023  03:00:30  PAGE 3



            * * * * * * *   C O D E   M E M O R Y   * * * * * * *
            CODE    0000H     0003H     ABSOLUTE     
            CODE    0003H     0047H     UNIT         ?PR?_NVIC_BMM_ADC_INIT?STC8A_NVIC
                    004AH     0001H                  *** GAP ***
            CODE    004BH     0003H     ABSOLUTE     
            CODE    004EH     1705H     UNIT         ?PR?_ZNFAT_READDATA?ZNFAT
            CODE    1753H     0DB4H     UNIT         ?PR?_ZNFAT_SEEK?ZNFAT
            CODE    2507H     0B98H     UNIT         ?CO?OLED
            CODE    309FH     067FH     UNIT         ?C?LIB_CODE
            CODE    371EH     051EH     UNIT         ?PR?_ANALYSE_FDI?ZNFAT
            CODE    3C3CH     0441H     UNIT         ?CO?1003B
            CODE    407DH     03F9H     UNIT         ?PR?_ZNFAT_OPEN_FILE?ZNFAT
            CODE    4476H     03EDH     UNIT         ?PR?MAIN?MAIN
            CODE    4863H     0312H     UNIT         ?PR?ZNFAT_INIT?ZNFAT
            CODE    4B75H     02C1H     UNIT         ?PR?_CHECK_SFN_ILLEGAL_LOWER?ZNFAT
            CODE    4E36H     0277H     UNIT         ?PR?_GPIO_INILIZE?STC8A_GPIO
            CODE    50ADH     024FH     UNIT         ?PR?_GET_DIR_START_CLUSTER?ZNFAT
            CODE    52FCH     0208H     UNIT         ?PR?_SD_WRITE_NSECTOR?SD
            CODE    5504H     0205H     UNIT         ?PR?_SFN_MATCH?ZNFAT
            CODE    5709H     01AAH     UNIT         ?PR?UPDATE_FSINFO?ZNFAT
            CODE    58B3H     0179H     UNIT         ?PR?_BYTES2VALUE?ZNFAT
            CODE    5A2CH     016CH     UNIT         ?PR?_TO_FILE_NAME?ZNFAT
            CODE    5B98H     0161H     UNIT         ?PR?_SEARCH_FREE_CLUSTER_FROM_START?ZNFAT
            CODE    5CF9H     0152H     UNIT         ?PR?_ZNFAT_ENTER_DIR?ZNFAT
            CODE    5E4BH     0144H     UNIT         ?PR?_ZNFAT_DEVICE_CLEAR_NSECTOR?DEVICEIO
            CODE    5F8FH     0142H     UNIT         ?PR?_FIND_FSINFO_SEC?ZNFAT
            CODE    60D1H     013EH     UNIT         ?PR?_CHECK_SFN_ILLEGAL_LENGTH?ZNFAT
            CODE    620FH     0132H     UNIT         ?PR?_UPDATE_FILE_SIZE?ZNFAT
            CODE    6341H     010DH     UNIT         ?PR?_SD_WRITE_SECTOR?SD
            CODE    644EH     00ECH     UNIT         ?PR?_OLED_SHOWCHAR?OLED
            CODE    653AH     00EAH     UNIT         ?PR?_CHECK_SFN_SPECIAL_CHAR?ZNFAT
            CODE    6624H     00E5H     UNIT         ?PR?_CHECK_SFN_DOT?ZNFAT
            CODE    6709H     00E0H     UNIT         ?PR?OLED_INIT?OLED
            CODE    67E9H     00DCH     UNIT         ?PR?_SD_READ_SECTOR?SD
            CODE    68C5H     00D9H     UNIT         ?PR?_U32TOSTR?SD
            CODE    699EH     00D5H     UNIT         ?PR?VSSINETEST?1003B
            CODE    6A73H     00C8H     UNIT         ?PR?_FINDSUBSTR?ZNFAT
            CODE    6B3BH     00C6H     UNIT         ?PR?_ZNFAT_DEVICE_READ_SECTOR?DEVICEIO
            CODE    6C01H     00C5H     UNIT         ?PR?_ZNFAT_DEVICE_READ_NSECTOR?DEVICEIO
            CODE    6CC6H     00C5H     UNIT         ?PR?_ZNFAT_DEVICE_WRITE_NSECTOR?DEVICEIO
            CODE    6D8BH     00BBH     UNIT         ?PR?_MEMORY_COPY?ZNFAT
            CODE    6E46H     00BBH     UNIT         ?PR?_OLED_SHOWNUM?OLED
            CODE    6F01H     00B3H     UNIT         ?PR?_GET_NEXT_CLUSTER?ZNFAT
            CODE    6FB4H     00ABH     UNIT         ?PR?_STRTOU32?SD
            CODE    705FH     00ABH     UNIT         ?PR?_PGM2RAM?ZNFAT
            CODE    710AH     00A6H     UNIT         ?PR?_SD_WRITE_CMD?SD
            CODE    71B0H     009EH     UNIT         ?PR?VS1003B_INIT?1003B
            CODE    724EH     009CH     UNIT         ?PR?_OLED_SHOWCHINESE?OLED
            CODE    72EAH     0098H     UNIT         ?PR?_MEMORY_COMPARE?ZNFAT
            CODE    7382H     0093H     UNIT         ?PR?_OLED_DRAWBMP?OLED
            CODE    7415H     008CH     UNIT         ?PR?_MEMORY_SET?ZNFAT
            CODE    74A1H     008CH     UNIT         ?C_C51STARTUP
            CODE    752DH     0082H     UNIT         ?PR?_ZNFAT_DEVICE_WRITE_SECTOR?DEVICEIO
            CODE    75AFH     0080H     UNIT         ?PR?_SPI_INIT?STC8A_SPI
            CODE    762FH     0080H     UNIT         ?PR?_VS1003B_SETBASSENHANCE?1003B
            CODE    76AFH     0079H     UNIT         ?PR?TEST_1003_PLAYMP3FILE?1003B
BL51 BANKED LINKER/LOCATER V6.22.2.0                                                  06/16/2023  03:00:30  PAGE 4


            CODE    7728H     0077H     UNIT         ?PR?_NVIC_PCA_INIT?STC8A_NVIC
            CODE    779FH     0070H     UNIT         ?PR?_WSTRINGLEN?ZNFAT
            CODE    780FH     006FH     UNIT         ?PR?_NVIC_I2C_INIT?STC8A_NVIC
            CODE    787EH     0065H     UNIT         ?PR?_CHECK_ILLEGAL_CHAR?ZNFAT
            CODE    78E3H     0064H     UNIT         ?PR?_OLED_SHOWSTRING?OLED
            CODE    7947H     0061H     UNIT         ?PR?SD_RESET?SD
            CODE    79A8H     0055H     UNIT         ?PR?_NVIC_CMP_INIT?STC8A_NVIC
            CODE    79FDH     0055H     UNIT         ?PR?_NVIC_UART3_INIT?STC8A_NVIC
            CODE    7A52H     0055H     UNIT         ?PR?_STRINGLEN?ZNFAT
            CODE    7AA7H     0053H     UNIT         ?PR?_NVIC_UART4_INIT?STC8A_NVIC
            CODE    7AFAH     0052H     UNIT         ?PR?_NVIC_SPI_INIT?STC8A_NVIC
            CODE    7B4CH     0052H     UNIT         ?PR?MP3SOFTRESET?1003B
            CODE    7B9EH     004EH     UNIT         ?PR?_NVIC_UART2_INIT?STC8A_NVIC
            CODE    7BECH     004EH     UNIT         ?PR?_STRINGCOPY?ZNFAT
            CODE    7C3AH     004DH     UNIT         ?PR?_NVIC_TIMER0_INIT?STC8A_NVIC
            CODE    7C87H     004DH     UNIT         ?PR?_NVIC_TIMER1_INIT?STC8A_NVIC
            CODE    7CD4H     004DH     UNIT         ?PR?_NVIC_INT0_INIT?STC8A_NVIC
            CODE    7D21H     004DH     UNIT         ?PR?_NVIC_INT1_INIT?STC8A_NVIC
            CODE    7D6EH     004DH     UNIT         ?PR?_NVIC_ADC_INIT?STC8A_NVIC
            CODE    7DBBH     004DH     UNIT         ?PR?_NVIC_UART1_INIT?STC8A_NVIC
            CODE    7E08H     004DH     UNIT         ?PR?SPI_ISR_HANDLER?STC8A_SPI_ISR
            CODE    7E55H     0047H     UNIT         ?PR?_NVIC_BMM_M2M_INIT?STC8A_NVIC
            CODE    7E9CH     0047H     UNIT         ?PR?_NVIC_BMM_SPI_INIT?STC8A_NVIC
            CODE    7EE3H     0047H     UNIT         ?PR?_NVIC_BMM_UART1_TX_INIT?STC8A_NVIC
            CODE    7F2AH     0047H     UNIT         ?PR?_NVIC_BMM_UART1_RX_INIT?STC8A_NVIC
            CODE    7F71H     0047H     UNIT         ?PR?_NVIC_BMM_UART2_TX_INIT?STC8A_NVIC
            CODE    7FB8H     0047H     UNIT         ?PR?_NVIC_BMM_UART2_RX_INIT?STC8A_NVIC
            CODE    7FFFH     0047H     UNIT         ?PR?_NVIC_BMM_UART3_TX_INIT?STC8A_NVIC
            CODE    8046H     0047H     UNIT         ?PR?_NVIC_BMM_UART3_RX_INIT?STC8A_NVIC
            CODE    808DH     0047H     UNIT         ?PR?_NVIC_BMM_UART4_TX_INIT?STC8A_NVIC
            CODE    80D4H     0047H     UNIT         ?PR?_NVIC_BMM_UART4_RX_INIT?STC8A_NVIC
            CODE    811BH     0047H     UNIT         ?PR?_NVIC_BMM_LCM_INIT?STC8A_NVIC
            CODE    8162H     0041H     UNIT         ?PR?_ZNFAT_CLOSE_FILE?ZNFAT
            CODE    81A3H     0041H     UNIT         ?PR?VS1003B_FILL2048ZERO?1003B
            CODE    81E4H     0041H     UNIT         ?PR?_FILL_PICTURE?OLED
            CODE    8225H     003EH     UNIT         ?PR?SD_INIT?SD
            CODE    8263H     003EH     UNIT         ?PR?SD_GET_ADDR_MODE?SD
            CODE    82A1H     003EH     UNIT         ?PR?_MP3READREGISTER?1003B
            CODE    82DFH     003AH     UNIT         ?PR?_MP3WRITEREGISTER?1003B
            CODE    8319H     0038H     UNIT         ?PR?OLED_ON?OLED
            CODE    8351H     0037H     UNIT         ?PR?VS1003B_SETVIRTUALSURROUNDON?1003B
            CODE    8388H     0037H     UNIT         ?PR?VS1003B_SETVIRTUALSURROUNDOFF?1003B
            CODE    83BFH     0037H     UNIT         ?PR?OLED_CLEAR?OLED
            CODE    83F6H     0037H     UNIT         ?PR?OLED_CLEAR_12?OLED
            CODE    842DH     0036H     UNIT         ?PR?_NVIC_LCM_INIT?STC8A_NVIC
            CODE    8463H     0034H     UNIT         ?PR?_IS_WILDFILENAME?ZNFAT
            CODE    8497H     0034H     UNIT         ?PR?_OLED_SET_POS?OLED
            CODE    84CBH     0031H     UNIT         ?C_INITSEG
            CODE    84FCH     0030H     UNIT         ?PR?SPI_CONFIG?MAIN
            CODE    852CH     0030H     UNIT         ?PR?SPI_CONFIG2?MAIN
            CODE    855CH     0030H     UNIT         ?PR?SD_CHECK_VERSION?SD
            CODE    858CH     0030H     UNIT         ?PR?_WRITE_IIC_BYTE?OLED
            CODE    85BCH     002CH     UNIT         ?PR?_OLED_WR_BYTE?OLED
            CODE    85E8H     002BH     UNIT         ?PR?SPI_CONFIG3?MAIN
            CODE    8613H     002AH     UNIT         ?CO?SD
            CODE    863DH     0027H     UNIT         ?PR?ZNFAT_DEVICE_INIT?DEVICEIO
            CODE    8664H     001EH     UNIT         ?PR?_DELAY_50MS?OLED
BL51 BANKED LINKER/LOCATER V6.22.2.0                                                  06/16/2023  03:00:30  PAGE 5


            CODE    8682H     001EH     UNIT         ?PR?_OLED_POW?OLED
            CODE    86A0H     001DH     UNIT         ?PR?_EEPROM_CHANGE?EEPROM
            CODE    86BDH     001BH     UNIT         ?PR?_NVIC_TIMER4_INIT?STC8A_NVIC
            CODE    86D8H     001BH     UNIT         ?PR?_NVIC_INT4_INIT?STC8A_NVIC
            CODE    86F3H     001BH     UNIT         ?PR?_WAIT?1003B
            CODE    870EH     001BH     UNIT         ?PR?_EEPROM_READ?EEPROM
            CODE    8729H     001AH     UNIT         ?PR?_NVIC_TIMER2_INIT?STC8A_NVIC
            CODE    8743H     001AH     UNIT         ?PR?_NVIC_TIMER3_INIT?STC8A_NVIC
            CODE    875DH     001AH     UNIT         ?PR?_NVIC_INT3_INIT?STC8A_NVIC
            CODE    8777H     001AH     UNIT         ?PR?_DELAY_MS?OLED
            CODE    8791H     001AH     UNIT         ?PR?_DELAY_1MS?OLED
            CODE    87ABH     0019H     UNIT         ?PR?GPIO_CONFIG?MAIN
            CODE    87C4H     0019H     UNIT         ?PR?_NVIC_INT2_INIT?STC8A_NVIC
            CODE    87DDH     0019H     UNIT         ?PR?_EEPROM_DELETE?EEPROM
            CODE    87F6H     0017H     UNIT         ?PR?_SD_SPI_WRITE?SD
            CODE    880DH     0017H     UNIT         ?PR?SD_SPI_READ?SD
            CODE    8824H     0017H     UNIT         ?PR?MP3RESET?1003B
            CODE    883BH     0017H     UNIT         ?PR?OLED_DISPLAY_ON?OLED
            CODE    8852H     0016H     UNIT         ?PR?_VS1003B_WRITECMD?1003B
            CODE    8868H     0015H     UNIT         ?PR?_STRLEN?STRLEN
            CODE    887DH     0013H     UNIT         ?PR?_ZNFAT_SELECT_DEVICE?ZNFAT
            CODE    8890H     0011H     UNIT         ?PR?_SPI_SETMODE?STC8A_SPI
            CODE    88A1H     0011H     UNIT         ?PR?OLED_DISPLAY_OFF?OLED
            CODE    88B2H     0010H     UNIT         ?PR?IIC_WAIT_ACK?OLED
            CODE    88C2H     000FH     UNIT         ?PR?DELAY1000MS?MAIN
            CODE    88D1H     000FH     UNIT         ?PR?DELAY50MS?MAIN
            CODE    88E0H     000FH     UNIT         ?PR?_PGM_DWORD_FUN?ZNFAT
            CODE    88EFH     000EH     UNIT         ?PR?VS1003B_SOFTRESET?1003B
            CODE    88FDH     000EH     UNIT         ?PR?_WRITE_IIC_COMMAND?OLED
            CODE    890BH     000EH     UNIT         ?PR?_WRITE_IIC_DATA?OLED
            CODE    8919H     000DH     UNIT         ?PR?EEPROM_OFF?EEPROM
            CODE    8926H     000CH     UNIT         ?PR?SD_READY_GO?SD
            CODE    8932H     000CH     UNIT         ?PR?_PGM_WORD_FUN?ZNFAT
            CODE    893EH     000CH     UNIT         ?PR?INITPORTVS1003?1003B
            CODE    894AH     000CH     UNIT         ?PR?_SPIPUTCHAR?1003B
            CODE    8956H     000BH     UNIT         ?PR?_DELAY?SD
            CODE    8961H     000BH     UNIT         ?PR?SPI_READBYTE?STC8A_SPI
            CODE    896CH     000BH     UNIT         ?CO?ZNFAT
            CODE    8977H     000AH     UNIT         ?PR?_VS1003B_WRITEDAT?1003B
            CODE    8981H     0009H     UNIT         ?CO?MAIN
            CODE    898AH     0009H     UNIT         ?PR?_MP3SETVOLUME1?1003B
            CODE    8993H     0009H     UNIT         ?PR?IIC_START?OLED
            CODE    899CH     0008H     UNIT         ?PR?_SPI_WRITEBYTE?STC8A_SPI
            CODE    89A4H     0008H     UNIT         ?PR?_PGM_BYTE_FUN?ZNFAT
            CODE    89ACH     0007H     UNIT         ?PR?CHECKVS1003B_DRQ?1003B
            CODE    89B3H     0007H     UNIT         ?PR?IIC_STOP?OLED
            CODE    89BAH     0005H     UNIT         ?PR?DELAY10US?MAIN
            CODE    89BFH     0005H     UNIT         ?PR?MSPI_INIT?1003B
            CODE    89C4H     0003H     UNIT         ?PR?ZNFAT_FLUSH_FS?ZNFAT
            CODE    89C7H     0003H     UNIT         ?PR?SPI_RECBYTE?1003B
            CODE    89CAH     0003H     UNIT         ?PR?TESTVS1003B?1003B
            CODE    89CDH     0003H     UNIT         ?PR?_VS1003B_READCMD?1003B



OVERLAY MAP OF MODULE:   .\Objects\project (MAIN)

BL51 BANKED LINKER/LOCATER V6.22.2.0                                                  06/16/2023  03:00:30  PAGE 6



SEGMENT                                            XDATA_GROUP
  +--> CALLED SEGMENT                            START    LENGTH
----------------------------------------------------------------
?C_C51STARTUP                                    -----    -----
  +--> ?PR?MAIN?MAIN
  +--> ?C_INITSEG

?PR?MAIN?MAIN                                    -----    -----
  +--> ?PR?_EEPROM_READ?EEPROM
  +--> ?PR?GPIO_CONFIG?MAIN
  +--> ?PR?SPI_CONFIG?MAIN
  +--> ?PR?_SPI_SETMODE?STC8A_SPI
  +--> ?PR?SD_READY_GO?SD
  +--> ?PR?OLED_INIT?OLED
  +--> ?PR?OLED_CLEAR?OLED
  +--> ?PR?ZNFAT_DEVICE_INIT?DEVICEIO
  +--> ?PR?_ZNFAT_SELECT_DEVICE?ZNFAT
  +--> ?PR?ZNFAT_INIT?ZNFAT
  +--> ?PR?SPI_CONFIG3?MAIN
  +--> ?PR?MP3SOFTRESET?1003B
  +--> ?PR?SPI_CONFIG2?MAIN
  +--> ?CO?MAIN
  +--> ?PR?_ZNFAT_OPEN_FILE?ZNFAT
  +--> ?PR?_OLED_SHOWCHINESE?OLED
  +--> ?PR?_OLED_SHOWNUM?OLED
  +--> ?PR?_ZNFAT_READDATA?ZNFAT
  +--> ?PR?_SPIPUTCHAR?1003B
  +--> ?PR?DELAY50MS?MAIN
  +--> ?PR?_MP3SETVOLUME1?1003B
  +--> ?PR?OLED_CLEAR_12?OLED
  +--> ?PR?_EEPROM_DELETE?EEPROM
  +--> ?PR?_EEPROM_CHANGE?EEPROM

?PR?_EEPROM_READ?EEPROM                          -----    -----
  +--> ?PR?EEPROM_OFF?EEPROM

?PR?SPI_CONFIG?MAIN                              03B9H    0007H
  +--> ?PR?_SPI_INIT?STC8A_SPI
  +--> ?PR?_NVIC_SPI_INIT?STC8A_NVIC

?PR?SD_READY_GO?SD                               -----    -----
  +--> ?PR?SD_RESET?SD
  +--> ?PR?SD_CHECK_VERSION?SD
  +--> ?PR?SD_GET_ADDR_MODE?SD
  +--> ?PR?SD_INIT?SD

?PR?SD_RESET?SD                                  03BAH    0008H
  +--> ?CO?SD
  +--> ?PR?_SD_SPI_WRITE?SD
  +--> ?PR?_SD_WRITE_CMD?SD

?PR?_SD_SPI_WRITE?SD                             -----    -----
  +--> ?PR?_SPI_WRITEBYTE?STC8A_SPI

?PR?_SD_WRITE_CMD?SD                             044FH    0004H
  +--> ?PR?_SD_SPI_WRITE?SD
BL51 BANKED LINKER/LOCATER V6.22.2.0                                                  06/16/2023  03:00:30  PAGE 7


  +--> ?PR?SD_SPI_READ?SD

?PR?SD_SPI_READ?SD                               -----    -----
  +--> ?PR?SPI_READBYTE?STC8A_SPI

?PR?SD_CHECK_VERSION?SD                          03BAH    0006H
  +--> ?CO?SD
  +--> ?PR?_SD_WRITE_CMD?SD
  +--> ?PR?_SD_SPI_WRITE?SD

?PR?SD_GET_ADDR_MODE?SD                          03BAH    0006H
  +--> ?CO?SD
  +--> ?PR?_SD_WRITE_CMD?SD
  +--> ?PR?SD_SPI_READ?SD
  +--> ?PR?_SD_SPI_WRITE?SD

?PR?SD_INIT?SD                                   03BAH    0007H
  +--> ?CO?SD
  +--> ?PR?_SD_WRITE_CMD?SD
  +--> ?PR?_SD_SPI_WRITE?SD

?PR?OLED_INIT?OLED                               -----    -----
  +--> ?PR?_OLED_WR_BYTE?OLED

?PR?_OLED_WR_BYTE?OLED                           -----    -----
  +--> ?PR?_WRITE_IIC_DATA?OLED
  +--> ?PR?_WRITE_IIC_COMMAND?OLED

?PR?_WRITE_IIC_DATA?OLED                         -----    -----
  +--> ?PR?_WRITE_IIC_BYTE?OLED
  +--> ?PR?IIC_WAIT_ACK?OLED
  +--> ?PR?IIC_STOP?OLED

?PR?_WRITE_IIC_BYTE?OLED                         -----    -----
  +--> ?PR?IIC_START?OLED

?PR?IIC_WAIT_ACK?OLED                            -----    -----
  +--> ?PR?_WRITE_IIC_BYTE?OLED

?PR?_WRITE_IIC_COMMAND?OLED                      -----    -----
  +--> ?PR?_WRITE_IIC_BYTE?OLED
  +--> ?PR?IIC_WAIT_ACK?OLED
  +--> ?PR?IIC_STOP?OLED

?PR?OLED_CLEAR?OLED                              03B9H    0001H
  +--> ?PR?_OLED_WR_BYTE?OLED

?PR?ZNFAT_DEVICE_INIT?DEVICEIO                   03B9H    0001H
  +--> ?PR?SD_READY_GO?SD

?PR?ZNFAT_INIT?ZNFAT                             03B9H    0006H
  +--> ?CO?ZNFAT
  +--> ?PR?_ZNFAT_DEVICE_READ_SECTOR?DEVICEIO
  +--> ?PR?_BYTES2VALUE?ZNFAT
  +--> ?PR?_FIND_FSINFO_SEC?ZNFAT
  +--> ?PR?_SEARCH_FREE_CLUSTER_FROM_START?Z...
  +--> ?PR?UPDATE_FSINFO?ZNFAT
BL51 BANKED LINKER/LOCATER V6.22.2.0                                                  06/16/2023  03:00:30  PAGE 8



?PR?_ZNFAT_DEVICE_READ_SECTOR?DEVICEIO           0439H    0007H
  +--> ?PR?_SD_READ_SECTOR?SD

?PR?_SD_READ_SECTOR?SD                           0440H    000FH
  +--> ?CO?SD
  +--> ?PR?_SD_WRITE_CMD?SD
  +--> ?PR?SD_SPI_READ?SD
  +--> ?PR?_SD_SPI_WRITE?SD

?PR?_BYTES2VALUE?ZNFAT                           0439H    0008H

?PR?_FIND_FSINFO_SEC?ZNFAT                       03BFH    0012H
  +--> ?CO?ZNFAT
  +--> ?PR?_ZNFAT_DEVICE_READ_SECTOR?DEVICEIO
  +--> ?PR?_MEMORY_COMPARE?ZNFAT

?PR?_MEMORY_COMPARE?ZNFAT                        03D1H    000EH

?PR?_SEARCH_FREE_CLUSTER_FROM_START?Z...         03BFH    000BH
  +--> ?PR?_ZNFAT_DEVICE_READ_SECTOR?DEVICEIO

?PR?UPDATE_FSINFO?ZNFAT                          03BFH    0003H
  +--> ?PR?_ZNFAT_DEVICE_READ_SECTOR?DEVICEIO
  +--> ?PR?_ZNFAT_DEVICE_WRITE_SECTOR?DEVICEIO

?PR?_ZNFAT_DEVICE_WRITE_SECTOR?DEVICEIO          03C2H    0007H
  +--> ?PR?_SD_WRITE_SECTOR?SD

?PR?_SD_WRITE_SECTOR?SD                          03C9H    0010H
  +--> ?CO?SD
  +--> ?PR?_SD_WRITE_CMD?SD
  +--> ?PR?SD_SPI_READ?SD
  +--> ?PR?_SD_SPI_WRITE?SD

?PR?SPI_CONFIG3?MAIN                             03B9H    0007H
  +--> ?PR?_SPI_INIT?STC8A_SPI
  +--> ?PR?_NVIC_SPI_INIT?STC8A_NVIC

?PR?MP3SOFTRESET?1003B                           -----    -----
  +--> ?PR?_MP3WRITEREGISTER?1003B
  +--> ?PR?_WAIT?1003B
  +--> ?PR?_SPIPUTCHAR?1003B

?PR?_MP3WRITEREGISTER?1003B                      03B9H    0003H
  +--> ?PR?_WAIT?1003B
  +--> ?PR?_SPIPUTCHAR?1003B

?PR?_SPIPUTCHAR?1003B                            -----    -----
  +--> ?PR?_WAIT?1003B
  +--> ?PR?_SPI_WRITEBYTE?STC8A_SPI

?PR?SPI_CONFIG2?MAIN                             03B9H    0007H
  +--> ?PR?_SPI_INIT?STC8A_SPI
  +--> ?PR?_NVIC_SPI_INIT?STC8A_NVIC

?PR?_ZNFAT_OPEN_FILE?ZNFAT                       03B9H    003AH
BL51 BANKED LINKER/LOCATER V6.22.2.0                                                  06/16/2023  03:00:30  PAGE 9


  +--> ?PR?_ZNFAT_ENTER_DIR?ZNFAT
  +--> ?PR?_CHECK_ILLEGAL_CHAR?ZNFAT
  +--> ?PR?_IS_WILDFILENAME?ZNFAT
  +--> ?PR?_CHECK_SFN_ILLEGAL_LENGTH?ZNFAT
  +--> ?PR?_CHECK_SFN_DOT?ZNFAT
  +--> ?PR?_CHECK_SFN_SPECIAL_CHAR?ZNFAT
  +--> ?PR?_CHECK_SFN_ILLEGAL_LOWER?ZNFAT
  +--> ?PR?_ZNFAT_DEVICE_READ_SECTOR?DEVICEIO
  +--> ?PR?_TO_FILE_NAME?ZNFAT
  +--> ?PR?_SFN_MATCH?ZNFAT
  +--> ?PR?_ANALYSE_FDI?ZNFAT
  +--> ?PR?_GET_NEXT_CLUSTER?ZNFAT

?PR?_ZNFAT_ENTER_DIR?ZNFAT                       03F3H    001CH
  +--> ?PR?_GET_DIR_START_CLUSTER?ZNFAT

?PR?_GET_DIR_START_CLUSTER?ZNFAT                 040FH    0023H
  +--> ?PR?_CHECK_ILLEGAL_CHAR?ZNFAT
  +--> ?PR?_CHECK_SFN_ILLEGAL_LENGTH?ZNFAT
  +--> ?PR?_CHECK_SFN_DOT?ZNFAT
  +--> ?PR?_CHECK_SFN_SPECIAL_CHAR?ZNFAT
  +--> ?PR?_CHECK_SFN_ILLEGAL_LOWER?ZNFAT
  +--> ?PR?_ZNFAT_DEVICE_READ_SECTOR?DEVICEIO
  +--> ?PR?_TO_FILE_NAME?ZNFAT
  +--> ?PR?_SFN_MATCH?ZNFAT
  +--> ?PR?_BYTES2VALUE?ZNFAT
  +--> ?PR?_GET_NEXT_CLUSTER?ZNFAT

?PR?_CHECK_ILLEGAL_CHAR?ZNFAT                    0432H    0004H

?PR?_CHECK_SFN_ILLEGAL_LENGTH?ZNFAT              0432H    000CH
  +--> ?PR?_STRINGLEN?ZNFAT

?PR?_STRINGLEN?ZNFAT                             045BH    0004H

?PR?_CHECK_SFN_DOT?ZNFAT                         0432H    000BH
  +--> ?PR?_STRINGLEN?ZNFAT

?PR?_CHECK_SFN_SPECIAL_CHAR?ZNFAT                0432H    000BH
  +--> ?PR?_STRINGLEN?ZNFAT

?PR?_CHECK_SFN_ILLEGAL_LOWER?ZNFAT               0432H    0009H
  +--> ?PR?_STRINGLEN?ZNFAT

?PR?_TO_FILE_NAME?ZNFAT                          0432H    0009H

?PR?_SFN_MATCH?ZNFAT                             0432H    001FH
  +--> ?PR?_STRINGLEN?ZNFAT
  +--> ?PR?_FINDSUBSTR?ZNFAT

?PR?_FINDSUBSTR?ZNFAT                            0451H    000AH
  +--> ?PR?_STRINGLEN?ZNFAT

?PR?_GET_NEXT_CLUSTER?ZNFAT                      0432H    0007H
  +--> ?PR?_ZNFAT_DEVICE_READ_SECTOR?DEVICEIO
  +--> ?PR?_BYTES2VALUE?ZNFAT

BL51 BANKED LINKER/LOCATER V6.22.2.0                                                  06/16/2023  03:00:30  PAGE 10


?PR?_IS_WILDFILENAME?ZNFAT                       03F3H    0003H

?PR?_ANALYSE_FDI?ZNFAT                           03F3H    000EH
  +--> ?PR?_TO_FILE_NAME?ZNFAT
  +--> ?PR?_STRINGLEN?ZNFAT
  +--> ?PR?_BYTES2VALUE?ZNFAT

?PR?_OLED_SHOWCHINESE?OLED                       03B9H    0004H
  +--> ?PR?_OLED_SET_POS?OLED
  +--> ?CO?OLED
  +--> ?PR?_OLED_WR_BYTE?OLED

?PR?_OLED_SET_POS?OLED                           -----    -----
  +--> ?PR?_OLED_WR_BYTE?OLED

?PR?_OLED_SHOWNUM?OLED                           03B9H    0009H
  +--> ?PR?_OLED_POW?OLED
  +--> ?PR?_OLED_SHOWCHAR?OLED

?PR?_OLED_POW?OLED                               03C2H    0001H

?PR?_OLED_SHOWCHAR?OLED                          03C2H    0005H
  +--> ?PR?_OLED_SET_POS?OLED
  +--> ?CO?OLED
  +--> ?PR?_OLED_WR_BYTE?OLED

?PR?_ZNFAT_READDATA?ZNFAT                        03B9H    0036H
  +--> ?PR?_ZNFAT_SEEK?ZNFAT
  +--> ?PR?_ZNFAT_DEVICE_READ_SECTOR?DEVICEIO
  +--> ?PR?_MEMORY_COPY?ZNFAT
  +--> ?PR?_GET_NEXT_CLUSTER?ZNFAT
  +--> ?PR?_ZNFAT_DEVICE_READ_NSECTOR?DEVICEIO

?PR?_ZNFAT_SEEK?ZNFAT                            03EFH    0027H
  +--> ?PR?_GET_NEXT_CLUSTER?ZNFAT

?PR?_MEMORY_COPY?ZNFAT                           03EFH    000EH

?PR?_ZNFAT_DEVICE_READ_NSECTOR?DEVICEIO          03EFH    000FH
  +--> ?PR?_SD_READ_SECTOR?SD

?PR?_MP3SETVOLUME1?1003B                         -----    -----
  +--> ?PR?_MP3WRITEREGISTER?1003B

?PR?OLED_CLEAR_12?OLED                           03B9H    0001H
  +--> ?PR?_OLED_WR_BYTE?OLED

?PR?_EEPROM_DELETE?EEPROM                        -----    -----
  +--> ?PR?EEPROM_OFF?EEPROM

?PR?_EEPROM_CHANGE?EEPROM                        -----    -----
  +--> ?PR?EEPROM_OFF?EEPROM



SYMBOL TABLE OF MODULE:  .\Objects\project (MAIN)

BL51 BANKED LINKER/LOCATER V6.22.2.0                                                  06/16/2023  03:00:30  PAGE 11


  VALUE           TYPE          NAME
  ----------------------------------

  -------         MODULE        MAIN
  C:0000H         SYMBOL        _ICE_DUMMY_
  D:0093H         PUBLIC        P0M1
  D:0092H         PUBLIC        P1M0
  D:0096H         PUBLIC        P2M0
  D:0091H         PUBLIC        P1M1
  D:0080H         PUBLIC        P0
  D:00B2H         PUBLIC        P3M0
  D:0095H         PUBLIC        P2M1
  D:0090H         PUBLIC        P1
  D:00B1H         PUBLIC        P3M1
  D:00A0H         PUBLIC        P2
  D:00B0H         PUBLIC        P3
  B:0080H.2       PUBLIC        KEY_dowm
  D:00C0H         PUBLIC        P4
  X:020AH         PUBLIC        vol_num
  D:00C8H         PUBLIC        P5
  X:020BH         PUBLIC        Init_Args
  B:00A8H.7       PUBLIC        EA
  D:00E8H         PUBLIC        P6
  D:00F8H         PUBLIC        P7
  C:87ABH         PUBLIC        GPIO_config
  D:00A2H         PUBLIC        P_SW1
  B:0090H.2       PUBLIC        SD_CS
  D:00A8H         PUBLIC        IE
  C:8988H         PUBLIC        BMP1
  C:8989H         PUBLIC        BMP2
  B:0080H.4       PUBLIC        KEY_stop
  C:88C2H         PUBLIC        Delay1000ms
  D:00B8H         PUBLIC        IP
  D:00D8H         PUBLIC        CCON
  C:4476H         PUBLIC        main
  B:0080H.3       PUBLIC        KEY_up
  X:0233H         PUBLIC        sign
  B:0090H.4       PUBLIC        c_SPI_SO
  D:0098H         PUBLIC        SCON
  D:0088H         PUBLIC        TCON
  B:0080H.5       PUBLIC        KEY_vol_down
  C:88D1H         PUBLIC        Delay50ms
  C:89BAH         PUBLIC        Delay10us
  X:0234H         PUBLIC        buf
  X:0374H         PUBLIC        len
  D:00F0H         PUBLIC        B
  C:84FCH         PUBLIC        SPI_config
  D:00E0H         PUBLIC        ACC
  X:0376H         PUBLIC        res
  X:0378H         PUBLIC        fileinfo
  B:00B0H.5       PUBLIC        MP3_DREQ
  B:0080H.1       PUBLIC        KEY_vol_up
  B:0090H.1       PUBLIC        MP3_XDCS
  X:03B4H         PUBLIC        i
  X:03B6H         PUBLIC        j
  X:03B8H         PUBLIC        n
  C:852CH         PUBLIC        SPI_config2
BL51 BANKED LINKER/LOCATER V6.22.2.0                                                  06/16/2023  03:00:30  PAGE 12


  C:85E8H         PUBLIC        SPI_config3
  D:00D0H         PUBLIC        PSW
  D:0094H         PUBLIC        P0M0
  -------         PROC          DELAY1000MS
  -------         DO            
  D:0007H         SYMBOL        i
  D:0006H         SYMBOL        j
  D:0005H         SYMBOL        k
  -------         ENDDO         
  C:88C2H         LINE#         33
  C:88C2H         LINE#         34
  C:88C2H         LINE#         37
  C:88C3H         LINE#         38
  C:88C4H         LINE#         39
  C:88C6H         LINE#         40
  C:88C8H         LINE#         41
  C:88CAH         LINE#         43
  C:88CAH         LINE#         45
  C:88CAH         LINE#         46
  C:88CCH         LINE#         47
  C:88CEH         LINE#         48
  C:88D0H         LINE#         49
  -------         ENDPROC       DELAY1000MS
  -------         PROC          DELAY10US
  -------         DO            
  D:0007H         SYMBOL        i
  -------         ENDDO         
  C:89BAH         LINE#         51
  C:89BAH         LINE#         52
  C:89BAH         LINE#         55
  C:89BCH         LINE#         56
  C:89BEH         LINE#         57
  -------         ENDPROC       DELAY10US
  -------         PROC          DELAY50MS
  -------         DO            
  D:0007H         SYMBOL        i
  D:0006H         SYMBOL        j
  D:0005H         SYMBOL        k
  -------         ENDDO         
  C:88D1H         LINE#         59
  C:88D1H         LINE#         60
  C:88D1H         LINE#         63
  C:88D2H         LINE#         64
  C:88D3H         LINE#         65
  C:88D5H         LINE#         66
  C:88D7H         LINE#         67
  C:88D9H         LINE#         69
  C:88D9H         LINE#         71
  C:88D9H         LINE#         72
  C:88DBH         LINE#         73
  C:88DDH         LINE#         74
  C:88DFH         LINE#         75
  -------         ENDPROC       DELAY50MS
  -------         PROC          GPIO_CONFIG
  C:87ABH         LINE#         79
  C:87ABH         LINE#         80
  C:87ABH         LINE#         81
BL51 BANKED LINKER/LOCATER V6.22.2.0                                                  06/16/2023  03:00:30  PAGE 13


  C:87B1H         LINE#         82
  C:87B7H         LINE#         83
  C:87BDH         LINE#         84
  C:87C3H         LINE#         85
  -------         ENDPROC       GPIO_CONFIG
  -------         PROC          SPI_CONFIG
  -------         DO            
  X:03B9H         SYMBOL        SPI_InitStructure
  -------         ENDDO         
  C:84FCH         LINE#         88
  C:84FCH         LINE#         89
  C:84FCH         LINE#         91
  C:8502H         LINE#         92
  C:8504H         LINE#         93
  C:8507H         LINE#         94
  C:8509H         LINE#         95
  C:850BH         LINE#         96
  C:850DH         LINE#         97
  C:8511H         LINE#         98
  C:851AH         LINE#         99
  C:8521H         LINE#         101
  C:8529H         LINE#         102
  C:852BH         LINE#         103
  -------         ENDPROC       SPI_CONFIG
  -------         PROC          SPI_CONFIG2
  -------         DO            
  X:03B9H         SYMBOL        SPI_InitStructure
  -------         ENDDO         
  C:852CH         LINE#         105
  C:852CH         LINE#         106
  C:852CH         LINE#         108
  C:8532H         LINE#         109
  C:8534H         LINE#         110
  C:8537H         LINE#         111
  C:8539H         LINE#         112
  C:853BH         LINE#         113
  C:853DH         LINE#         114
  C:8541H         LINE#         115
  C:854AH         LINE#         116
  C:8551H         LINE#         118
  C:8559H         LINE#         119
  C:855BH         LINE#         120
  -------         ENDPROC       SPI_CONFIG2
  -------         PROC          SPI_CONFIG3
  -------         DO            
  X:03B9H         SYMBOL        SPI_InitStructure
  -------         ENDDO         
  C:85E8H         LINE#         122
  C:85E8H         LINE#         123
  C:85E8H         LINE#         125
  C:85EEH         LINE#         126
  C:85F0H         LINE#         127
  C:85F3H         LINE#         128
  C:85F5H         LINE#         129
  C:85F7H         LINE#         130
  C:85F9H         LINE#         131
  C:85FBH         LINE#         132
BL51 BANKED LINKER/LOCATER V6.22.2.0                                                  06/16/2023  03:00:30  PAGE 14


  C:8604H         LINE#         133
  C:860BH         LINE#         135
  C:860EH         LINE#         136
  C:8610H         LINE#         137
  C:8612H         LINE#         138
  -------         ENDPROC       SPI_CONFIG3
  -------         PROC          MAIN
  C:4476H         LINE#         142
  C:4476H         LINE#         143
  C:4476H         LINE#         144
  C:4481H         LINE#         145
  C:4484H         LINE#         146
  C:4487H         LINE#         147
  C:4489H         LINE#         148
  C:448EH         LINE#         149
  C:4491H         LINE#         151
  C:4494H         LINE#         152
  C:4497H         LINE#         154
  C:449AH         LINE#         155
  C:44A5H         LINE#         157
  C:44B0H         LINE#         158
  C:44B3H         LINE#         159
  C:44B8H         LINE#         162
  C:44BBH         LINE#         164
  C:44BEH         LINE#         165
  C:44C3H         LINE#         167
  C:44C3H         LINE#         168
  C:44C3H         LINE#         170
  C:44F9H         LINE#         171
  C:44F9H         LINE#         173
  C:44FCH         LINE#         174
  C:4504H         LINE#         175
  C:450DH         LINE#         176
  C:4516H         LINE#         177
  C:451FH         LINE#         178
  C:4528H         LINE#         179
  C:4531H         LINE#         180
  C:453AH         LINE#         181
  C:4543H         LINE#         182
  C:455DH         LINE#         183
  C:4566H         LINE#         184
  C:456FH         LINE#         185
  C:4578H         LINE#         186
  C:4581H         LINE#         187
  C:458AH         LINE#         188
  C:45B5H         LINE#         189
  C:45F2H         LINE#         190
  C:45F2H         LINE#         192
  C:45F5H         LINE#         193
  C:45FAH         LINE#         195
  C:45FCH         LINE#         196
  C:4612H         LINE#         197
  C:462EH         LINE#         198
  C:462EH         LINE#         199
  C:4630H         LINE#         200
  C:4633H         LINE#         201
  C:464AH         LINE#         202
BL51 BANKED LINKER/LOCATER V6.22.2.0                                                  06/16/2023  03:00:30  PAGE 15


  C:467EH         LINE#         203
  C:468EH         LINE#         204
  C:4690H         LINE#         211
  C:46DAH         LINE#         212
  C:4724H         LINE#         213
  C:4726H         LINE#         219
  C:4729H         LINE#         220
  C:472EH         LINE#         221
  C:475AH         LINE#         222
  C:475CH         LINE#         223
  C:476DH         LINE#         226
  C:4773H         LINE#         227
  C:4773H         LINE#         228
  C:4776H         LINE#         229
  C:477CH         LINE#         230
  C:477CH         LINE#         231
  C:477FH         LINE#         232
  C:4788H         LINE#         233
  C:4791H         LINE#         234
  C:479AH         LINE#         235
  C:479AH         LINE#         236
  C:479AH         LINE#         237
  C:47A3H         LINE#         238
  C:47B4H         LINE#         239
  C:47C3H         LINE#         240
  C:47C3H         LINE#         241
  C:47EEH         LINE#         242
  C:480AH         LINE#         243
  C:480DH         LINE#         244
  C:4810H         LINE#         245
  C:4818H         LINE#         246
  C:4821H         LINE#         247
  C:482AH         LINE#         248
  C:4833H         LINE#         249
  C:483CH         LINE#         250
  C:4845H         LINE#         251
  C:4845H         LINE#         252
  C:4845H         LINE#         257
  C:4848H         LINE#         258
  C:4848H         LINE#         260
  C:484FH         LINE#         261
  C:4855H         LINE#         262
  C:4860H         LINE#         263
  -------         ENDPROC       MAIN
  -------         ENDMOD        MAIN

  -------         MODULE        STC8A_GPIO
  C:0000H         SYMBOL        _ICE_DUMMY_
  D:0093H         PUBLIC        P0M1
  D:0092H         PUBLIC        P1M0
  D:0096H         PUBLIC        P2M0
  D:0091H         PUBLIC        P1M1
  D:0080H         PUBLIC        P0
  D:00B2H         PUBLIC        P3M0
  D:0095H         PUBLIC        P2M1
  D:0090H         PUBLIC        P1
  D:00B4H         PUBLIC        P4M0
BL51 BANKED LINKER/LOCATER V6.22.2.0                                                  06/16/2023  03:00:30  PAGE 16


  D:00B1H         PUBLIC        P3M1
  D:00A0H         PUBLIC        P2
  D:00CAH         PUBLIC        P5M0
  D:00B3H         PUBLIC        P4M1
  D:00B0H         PUBLIC        P3
  D:00CCH         PUBLIC        P6M0
  D:00C9H         PUBLIC        P5M1
  D:00C0H         PUBLIC        P4
  D:00E2H         PUBLIC        P7M0
  D:00CBH         PUBLIC        P6M1
  D:00C8H         PUBLIC        P5
  D:00E8H         PUBLIC        P6
  D:00E1H         PUBLIC        P7M1
  D:00F8H         PUBLIC        P7
  D:00A8H         PUBLIC        IE
  D:00B8H         PUBLIC        IP
  D:00D8H         PUBLIC        CCON
  D:0098H         PUBLIC        SCON
  D:0088H         PUBLIC        TCON
  D:00F0H         PUBLIC        B
  D:00E0H         PUBLIC        ACC
  C:4E36H         PUBLIC        _GPIO_Inilize
  D:00D0H         PUBLIC        PSW
  D:0094H         PUBLIC        P0M0
  -------         PROC          _GPIO_INILIZE
  D:0007H         SYMBOL        GPIO
  D:0001H         SYMBOL        GPIOx
  C:4E36H         LINE#         22
  C:4E36H         LINE#         23
  C:4E36H         LINE#         24
  C:4E43H         LINE#         25
  C:4E53H         LINE#         26
  C:4E56H         LINE#         27
  C:4E56H         LINE#         28
  C:4E64H         LINE#         29
  C:4E76H         LINE#         30
  C:4E88H         LINE#         31
  C:4E9AH         LINE#         32
  C:4E9AH         LINE#         33
  C:4E9FH         LINE#         34
  C:4E9FH         LINE#         35
  C:4EB0H         LINE#         36
  C:4EC0H         LINE#         37
  C:4ED1H         LINE#         38
  C:4EE5H         LINE#         39
  C:4EE5H         LINE#         40
  C:4EEAH         LINE#         41
  C:4EEAH         LINE#         42
  C:4EFBH         LINE#         43
  C:4F0BH         LINE#         44
  C:4F1CH         LINE#         45
  C:4F30H         LINE#         46
  C:4F30H         LINE#         47
  C:4F35H         LINE#         48
  C:4F35H         LINE#         49
  C:4F46H         LINE#         50
  C:4F56H         LINE#         51
BL51 BANKED LINKER/LOCATER V6.22.2.0                                                  06/16/2023  03:00:30  PAGE 17


  C:4F67H         LINE#         52
  C:4F7BH         LINE#         53
  C:4F7BH         LINE#         54
  C:4F80H         LINE#         55
  C:4F80H         LINE#         56
  C:4F91H         LINE#         57
  C:4FA1H         LINE#         58
  C:4FB2H         LINE#         59
  C:4FC6H         LINE#         60
  C:4FC6H         LINE#         61
  C:4FCBH         LINE#         62
  C:4FCBH         LINE#         63
  C:4FDCH         LINE#         64
  C:4FECH         LINE#         65
  C:4FFDH         LINE#         66
  C:5011H         LINE#         67
  C:5011H         LINE#         68
  C:5016H         LINE#         69
  C:5016H         LINE#         70
  C:5027H         LINE#         71
  C:5037H         LINE#         72
  C:5048H         LINE#         73
  C:505CH         LINE#         74
  C:505CH         LINE#         75
  C:5061H         LINE#         76
  C:5061H         LINE#         77
  C:5074H         LINE#         78
  C:5085H         LINE#         79
  C:5096H         LINE#         80
  C:50AAH         LINE#         81
  C:50AAH         LINE#         82
  C:50ACH         LINE#         83
  -------         ENDPROC       _GPIO_INILIZE
  -------         ENDMOD        STC8A_GPIO

  -------         MODULE        SD
  C:0000H         SYMBOL        _ICE_DUMMY_
  D:0080H         PUBLIC        P0
  D:0090H         PUBLIC        P1
  D:00A0H         PUBLIC        P2
  D:00B0H         PUBLIC        P3
  D:00C0H         PUBLIC        P4
  D:00C8H         PUBLIC        P5
  D:00E8H         PUBLIC        P6
  X:057DH         PUBLIC        sd_ver
  D:00F8H         PUBLIC        P7
  C:8926H         PUBLIC        SD_Ready_Go
  B:0090H.2       PUBLIC        SD_CS
  D:00A8H         PUBLIC        IE
  C:8225H         PUBLIC        SD_Init
  C:8956H         PUBLIC        _delay
  D:00B8H         PUBLIC        IP
  C:6FB4H         PUBLIC        _strtou32
  C:68C5H         PUBLIC        _u32tostr
  D:00D8H         PUBLIC        CCON
  C:855CH         PUBLIC        SD_Check_Version
  X:057EH         PUBLIC        addr_mode
BL51 BANKED LINKER/LOCATER V6.22.2.0                                                  06/16/2023  03:00:30  PAGE 18


  D:0098H         PUBLIC        SCON
  D:0088H         PUBLIC        TCON
  D:00F0H         PUBLIC        B
  C:8613H         SYMBOL        _?ix1000
  C:8619H         SYMBOL        _?ix1001
  C:8821H         PUBLIC        SD_spi_read
  C:861FH         SYMBOL        _?ix1002
  C:8625H         SYMBOL        _?ix1003
  C:862BH         SYMBOL        _?ix1004
  D:00E0H         PUBLIC        ACC
  C:8631H         SYMBOL        _?ix1005
  C:8637H         SYMBOL        _?ix1006
  C:52FCH         PUBLIC        _SD_Write_nSector
  C:67E9H         PUBLIC        _SD_Read_Sector
  C:880AH         PUBLIC        _SD_spi_write
  C:6341H         PUBLIC        _SD_Write_Sector
  C:8263H         PUBLIC        SD_Get_Addr_Mode
  D:00D0H         PUBLIC        PSW
  C:710AH         PUBLIC        _SD_Write_Cmd
  C:7947H         PUBLIC        SD_Reset
  -------         PROC          _DELAY
  D:0006H         SYMBOL        time
  C:8956H         LINE#         25
  C:8956H         LINE#         26
  C:8956H         LINE#         27
  C:8960H         LINE#         28
  -------         ENDPROC       _DELAY
  -------         PROC          _U32TOSTR
  X:053DH         SYMBOL        dat
  X:0541H         SYMBOL        str
  -------         DO            
  I:0008H         SYMBOL        temp
  I:001CH         SYMBOL        i
  I:001DH         SYMBOL        j
  -------         ENDDO         
  C:68C5H         LINE#         42
  C:68D6H         LINE#         43
  C:68D6H         LINE#         45
  C:68DCH         LINE#         47
  C:68DEH         LINE#         48
  C:68F2H         LINE#         49
  C:68F2H         LINE#         50
  C:690EH         LINE#         51
  C:6911H         LINE#         52
  C:692EH         LINE#         53
  C:6930H         LINE#         54
  C:6935H         LINE#         55
  C:6943H         LINE#         56
  C:6943H         LINE#         57
  C:6966H         LINE#         58
  C:696BH         LINE#         59
  C:6987H         LINE#         60
  -------         ENDPROC       _U32TOSTR
  -------         PROC          _STRTOU32
  X:056EH         SYMBOL        str
  -------         DO            
  I:0021H         SYMBOL        temp
BL51 BANKED LINKER/LOCATER V6.22.2.0                                                  06/16/2023  03:00:30  PAGE 19


  I:0025H         SYMBOL        fact
  I:0029H         SYMBOL        len
  I:002AH         SYMBOL        i
  -------         ENDDO         
  C:6FB4H         LINE#         71
  C:6FBFH         LINE#         72
  C:6FBFH         LINE#         73
  C:6FC8H         LINE#         74
  C:6FD1H         LINE#         75
  C:6FD8H         LINE#         78
  C:6FE6H         LINE#         79
  C:6FE6H         LINE#         80
  C:7042H         LINE#         81
  C:7055H         LINE#         82
  C:705AH         LINE#         83
  -------         ENDPROC       _STRTOU32
  C:87F6H         SYMBOL        L?0089
  C:87F9H         SYMBOL        L?0090
  C:8806H         SYMBOL        L?0091
  -------         PROC          L?0088
  -------         ENDPROC       L?0088
  C:87F6H         SYMBOL        L?0089
  C:87F9H         SYMBOL        L?0090
  C:8806H         SYMBOL        L?0091
  -------         PROC          _SD_SPI_WRITE
  D:0007H         SYMBOL        x
  C:880AH         LINE#         109
  C:880AH         LINE#         110
  C:880AH         LINE#         111
  -------         ENDPROC       _SD_SPI_WRITE
  C:880DH         SYMBOL        L?0093
  -------         PROC          L?0092
  -------         ENDPROC       L?0092
  C:880DH         SYMBOL        L?0093
  -------         PROC          SD_SPI_READ
  C:8821H         LINE#         171
  C:8821H         LINE#         172
  C:8821H         LINE#         173
  -------         ENDPROC       SD_SPI_READ
  -------         PROC          _SD_WRITE_CMD
  X:044FH         SYMBOL        pcmd
  -------         DO            
  D:0007H         SYMBOL        temp
  X:0452H         SYMBOL        time
  -------         ENDDO         
  C:710AH         LINE#         235
  C:7115H         LINE#         236
  C:7115H         LINE#         237
  C:7118H         LINE#         239
  C:711AH         LINE#         240
  C:711FH         LINE#         241
  C:7121H         LINE#         243
  C:712FH         LINE#         244
  C:7144H         LINE#         245
  C:7159H         LINE#         246
  C:716EH         LINE#         247
  C:7183H         LINE#         248
BL51 BANKED LINKER/LOCATER V6.22.2.0                                                  06/16/2023  03:00:30  PAGE 20


  C:7198H         LINE#         251
  C:7198H         LINE#         252
  C:719BH         LINE#         253
  C:71A1H         LINE#         254
  C:71AFH         LINE#         256
  C:71AFH         LINE#         257
  -------         ENDPROC       _SD_WRITE_CMD
  -------         PROC          SD_RESET
  -------         DO            
  X:03BAH         SYMBOL        time
  D:0007H         SYMBOL        temp
  X:03BBH         SYMBOL        i
  X:03BCH         SYMBOL        pcmd
  -------         ENDDO         
  C:7947H         LINE#         267
  C:7947H         LINE#         268
  C:7947H         LINE#         270
  C:795AH         LINE#         274
  C:795CH         LINE#         275
  C:796EH         LINE#         276
  C:796EH         LINE#         277
  C:7973H         LINE#         278
  C:797BH         LINE#         280
  C:797DH         LINE#         281
  C:7982H         LINE#         283
  C:7982H         LINE#         284
  C:798BH         LINE#         285
  C:7991H         LINE#         286
  C:7996H         LINE#         287
  C:7996H         LINE#         288
  C:7999H         LINE#         289
  C:7999H         LINE#         290
  C:799EH         LINE#         292
  C:79A0H         LINE#         293
  C:79A5H         LINE#         294
  C:79A7H         LINE#         295
  -------         ENDPROC       SD_RESET
  -------         PROC          SD_CHECK_VERSION
  -------         DO            
  X:03BAH         SYMBOL        pcmd
  -------         ENDDO         
  C:855CH         LINE#         306
  C:855CH         LINE#         307
  C:855CH         LINE#         308
  C:856FH         LINE#         309
  C:8571H         LINE#         310
  C:857FH         LINE#         311
  C:8581H         LINE#         312
  C:8586H         LINE#         313
  C:858BH         LINE#         314
  -------         ENDPROC       SD_CHECK_VERSION
  -------         PROC          SD_INIT
  -------         DO            
  X:03BAH         SYMBOL        time
  D:0007H         SYMBOL        temp
  X:03BBH         SYMBOL        pcmd
  -------         ENDDO         
BL51 BANKED LINKER/LOCATER V6.22.2.0                                                  06/16/2023  03:00:30  PAGE 21


  C:8225H         LINE#         324
  C:8225H         LINE#         325
  C:8225H         LINE#         327
  C:8238H         LINE#         329
  C:823AH         LINE#         331
  C:823FH         LINE#         333
  C:823FH         LINE#         334
  C:8248H         LINE#         335
  C:824EH         LINE#         336
  C:8253H         LINE#         337
  C:8253H         LINE#         338
  C:8256H         LINE#         339
  C:8256H         LINE#         340
  C:8259H         LINE#         344
  C:825BH         LINE#         346
  C:8260H         LINE#         348
  C:8262H         LINE#         349
  -------         ENDPROC       SD_INIT
  -------         PROC          SD_GET_ADDR_MODE
  -------         DO            
  X:03BAH         SYMBOL        pcmd
  -------         ENDDO         
  C:8263H         LINE#         359
  C:8263H         LINE#         360
  C:8263H         LINE#         361
  C:8276H         LINE#         362
  C:8278H         LINE#         363
  C:8281H         LINE#         364
  C:8292H         LINE#         365
  C:8294H         LINE#         366
  C:8299H         LINE#         367
  C:82A0H         LINE#         368
  -------         ENDPROC       SD_GET_ADDR_MODE
  -------         PROC          SD_READY_GO
  C:8926H         LINE#         378
  C:8926H         LINE#         379
  C:8926H         LINE#         380
  C:8929H         LINE#         381
  C:892CH         LINE#         382
  C:892FH         LINE#         383
  -------         ENDPROC       SD_READY_GO
  -------         PROC          _SD_WRITE_SECTOR
  X:03C9H         SYMBOL        addr
  X:03CDH         SYMBOL        buffer
  -------         DO            
  X:03D0H         SYMBOL        temp
  X:03D1H         SYMBOL        time
  X:03D2H         SYMBOL        i
  X:03D3H         SYMBOL        pcmd
  -------         ENDDO         
  C:6341H         LINE#         396
  C:6352H         LINE#         397
  C:6352H         LINE#         399
  C:6357H         LINE#         400
  C:6369H         LINE#         402
  C:638EH         LINE#         404
  C:63A2H         LINE#         406
BL51 BANKED LINKER/LOCATER V6.22.2.0                                                  06/16/2023  03:00:30  PAGE 22


  C:63A4H         LINE#         408
  C:63A9H         LINE#         410
  C:63A9H         LINE#         411
  C:63B7H         LINE#         412
  C:63BBH         LINE#         413
  C:63C0H         LINE#         414
  C:63C0H         LINE#         415
  C:63C6H         LINE#         416
  C:63C6H         LINE#         417
  C:63CCH         LINE#         419
  C:63DDH         LINE#         420
  C:63DDH         LINE#         421
  C:63E0H         LINE#         422
  C:63E8H         LINE#         424
  C:63EDH         LINE#         426
  C:63FFH         LINE#         427
  C:63FFH         LINE#         428
  C:6402H         LINE#         429
  C:6405H         LINE#         430
  C:6408H         LINE#         431
  C:640BH         LINE#         432
  C:640EH         LINE#         433
  C:6411H         LINE#         434
  C:6414H         LINE#         435
  C:6417H         LINE#         436
  C:6420H         LINE#         438
  C:6425H         LINE#         439
  C:642AH         LINE#         442
  C:6432H         LINE#         443
  C:6438H         LINE#         444
  C:6438H         LINE#         445
  C:643AH         LINE#         446
  C:643DH         LINE#         447
  C:643DH         LINE#         449
  C:6444H         LINE#         452
  C:6446H         LINE#         454
  C:644BH         LINE#         455
  C:644DH         LINE#         456
  -------         ENDPROC       _SD_WRITE_SECTOR
  -------         PROC          _SD_READ_SECTOR
  X:0440H         SYMBOL        addr
  X:0444H         SYMBOL        buffer
  -------         DO            
  X:0447H         SYMBOL        j
  X:0448H         SYMBOL        time
  D:0007H         SYMBOL        temp
  X:0449H         SYMBOL        pcmd
  -------         ENDDO         
  C:67E9H         LINE#         468
  C:67FAH         LINE#         469
  C:67FAH         LINE#         472
  C:680DH         LINE#         474
  C:6832H         LINE#         476
  C:6846H         LINE#         478
  C:6848H         LINE#         480
  C:684DH         LINE#         482
  C:684DH         LINE#         483
BL51 BANKED LINKER/LOCATER V6.22.2.0                                                  06/16/2023  03:00:30  PAGE 23


  C:6856H         LINE#         484
  C:685CH         LINE#         485
  C:6861H         LINE#         486
  C:6861H         LINE#         487
  C:6864H         LINE#         488
  C:6864H         LINE#         489
  C:6867H         LINE#         491
  C:686FH         LINE#         493
  C:6880H         LINE#         494
  C:6880H         LINE#         495
  C:6883H         LINE#         496
  C:6886H         LINE#         497
  C:6889H         LINE#         498
  C:688CH         LINE#         499
  C:688FH         LINE#         500
  C:6892H         LINE#         501
  C:6895H         LINE#         502
  C:68ACH         LINE#         503
  C:68B5H         LINE#         505
  C:68B8H         LINE#         506
  C:68BBH         LINE#         508
  C:68BDH         LINE#         510
  C:68C2H         LINE#         512
  C:68C4H         LINE#         513
  -------         ENDPROC       _SD_READ_SECTOR
  -------         PROC          _SD_WRITE_NSECTOR
  X:04E0H         SYMBOL        nsec
  X:04E4H         SYMBOL        addr
  X:04E8H         SYMBOL        buffer
  -------         DO            
  X:04EBH         SYMBOL        temp
  X:04ECH         SYMBOL        time
  X:04EDH         SYMBOL        i
  X:04F1H         SYMBOL        j
  X:04F5H         SYMBOL        pcmd
  X:04FBH         SYMBOL        temp_buf
  -------         ENDDO         
  C:52FCH         LINE#         515
  C:5302H         LINE#         516
  C:5302H         LINE#         518
  C:5316H         LINE#         519
  C:5329H         LINE#         521
  C:533EH         LINE#         523
  C:5363H         LINE#         525
  C:5377H         LINE#         527
  C:5379H         LINE#         529
  C:537EH         LINE#         531
  C:537EH         LINE#         532
  C:538CH         LINE#         533
  C:5390H         LINE#         534
  C:5395H         LINE#         535
  C:5395H         LINE#         536
  C:539BH         LINE#         537
  C:539BH         LINE#         538
  C:53A1H         LINE#         540
  C:53C5H         LINE#         541
  C:53C5H         LINE#         542
BL51 BANKED LINKER/LOCATER V6.22.2.0                                                  06/16/2023  03:00:30  PAGE 24


  C:53C8H         LINE#         543
  C:53E9H         LINE#         547
  C:5418H         LINE#         548
  C:5418H         LINE#         550
  C:541DH         LINE#         552
  C:5441H         LINE#         553
  C:5441H         LINE#         554
  C:5447H         LINE#         555
  C:544DH         LINE#         556
  C:5453H         LINE#         557
  C:5459H         LINE#         558
  C:545FH         LINE#         559
  C:5465H         LINE#         560
  C:546BH         LINE#         561
  C:5471H         LINE#         562
  C:5493H         LINE#         564
  C:5498H         LINE#         565
  C:549DH         LINE#         568
  C:54A5H         LINE#         569
  C:54ABH         LINE#         570
  C:54ABH         LINE#         571
  C:54ADH         LINE#         572
  C:54B0H         LINE#         573
  C:54B0H         LINE#         575
  C:54B7H         LINE#         577
  C:54CCH         LINE#         578
  C:54EEH         LINE#         580
  C:54F3H         LINE#         582
  C:54FAH         LINE#         584
  C:54FCH         LINE#         586
  C:5501H         LINE#         587
  C:5503H         LINE#         588
  -------         ENDPROC       _SD_WRITE_NSECTOR
  -------         ENDMOD        SD

  -------         MODULE        STC8A_NVIC
  C:0000H         SYMBOL        _ICE_DUMMY_
  D:0080H         PUBLIC        P0
  D:0090H         PUBLIC        P1
  D:00A0H         PUBLIC        P2
  D:00B0H         PUBLIC        P3
  D:00C0H         PUBLIC        P4
  D:00C8H         PUBLIC        P5
  D:00E8H         PUBLIC        P6
  D:00F8H         PUBLIC        P7
  D:00BAH         PUBLIC        P_SW2
  B:00A8H.5       PUBLIC        EADC
  D:00A8H         PUBLIC        IE
  C:0003H         PUBLIC        _NVIC_BMM_ADC_Init
  C:7E55H         PUBLIC        _NVIC_BMM_M2M_Init
  D:00B6H         PUBLIC        IP2H
  D:00EEH         PUBLIC        IP3H
  D:00DAH         PUBLIC        CCAPM0
  D:00DBH         PUBLIC        CCAPM1
  B:00A8H.4       PUBLIC        ES
  D:00DCH         PUBLIC        CCAPM2
  B:00B8H.5       PUBLIC        PADC
BL51 BANKED LINKER/LOCATER V6.22.2.0                                                  06/16/2023  03:00:30  PAGE 25


  D:00B8H         PUBLIC        IP
  C:811BH         PUBLIC        _NVIC_BMM_LCM_Init
  B:00B8H.4       PUBLIC        PS
  D:00D9H         PUBLIC        CMOD
  D:00D8H         PUBLIC        CCON
  C:7CD4H         PUBLIC        _NVIC_INT0_Init
  B:00B8H.7       PUBLIC        PPCA
  C:7D21H         PUBLIC        _NVIC_INT1_Init
  C:87C4H         PUBLIC        _NVIC_INT2_Init
  C:875DH         PUBLIC        _NVIC_INT3_Init
  D:00E6H         PUBLIC        CMPCR1
  C:86D8H         PUBLIC        _NVIC_INT4_Init
  C:7E9CH         PUBLIC        _NVIC_BMM_SPI_Init
  D:0098H         PUBLIC        SCON
  D:0088H         PUBLIC        TCON
  C:7C3AH         PUBLIC        _NVIC_Timer0_Init
  C:7C87H         PUBLIC        _NVIC_Timer1_Init
  C:8729H         PUBLIC        _NVIC_Timer2_Init
  C:8743H         PUBLIC        _NVIC_Timer3_Init
  D:00AFH         PUBLIC        IE2
  C:86BDH         PUBLIC        _NVIC_Timer4_Init
  D:00F0H         PUBLIC        B
  C:780FH         PUBLIC        _NVIC_I2C_Init
  D:00E0H         PUBLIC        ACC
  B:00A8H.1       PUBLIC        ET0
  B:00A8H.3       PUBLIC        ET1
  D:00B5H         PUBLIC        IP2
  D:00DFH         PUBLIC        IP3
  B:00A8H.0       PUBLIC        EX0
  B:00A8H.2       PUBLIC        EX1
  C:7D6EH         PUBLIC        _NVIC_ADC_Init
  B:00B8H.1       PUBLIC        PT0
  B:00B8H.3       PUBLIC        PT1
  B:00B8H.0       PUBLIC        PX0
  B:00B8H.2       PUBLIC        PX1
  C:7728H         PUBLIC        _NVIC_PCA_Init
  C:7F2AH         PUBLIC        _NVIC_BMM_UART1_Rx_Init
  C:7FB8H         PUBLIC        _NVIC_BMM_UART2_Rx_Init
  D:00B7H         PUBLIC        IPH
  C:8046H         PUBLIC        _NVIC_BMM_UART3_Rx_Init
  C:7EE3H         PUBLIC        _NVIC_BMM_UART1_Tx_Init
  C:80D4H         PUBLIC        _NVIC_BMM_UART4_Rx_Init
  C:7F71H         PUBLIC        _NVIC_BMM_UART2_Tx_Init
  C:7FFFH         PUBLIC        _NVIC_BMM_UART3_Tx_Init
  C:842DH         PUBLIC        _NVIC_LCM_Init
  C:808DH         PUBLIC        _NVIC_BMM_UART4_Tx_Init
  C:79A8H         PUBLIC        _NVIC_CMP_Init
  C:7AFAH         PUBLIC        _NVIC_SPI_Init
  D:008FH         PUBLIC        INT_CLKO
  C:7DBBH         PUBLIC        _NVIC_UART1_Init
  C:7B9EH         PUBLIC        _NVIC_UART2_Init
  C:79FDH         PUBLIC        _NVIC_UART3_Init
  C:7AA7H         PUBLIC        _NVIC_UART4_Init
  D:00D0H         PUBLIC        PSW
  -------         PROC          _NVIC_TIMER0_INIT
  D:0007H         SYMBOL        State
  D:0005H         SYMBOL        Priority
BL51 BANKED LINKER/LOCATER V6.22.2.0                                                  06/16/2023  03:00:30  PAGE 26


  C:7C3AH         LINE#         23
  C:7C3AH         LINE#         24
  C:7C3AH         LINE#         25
  C:7C4EH         LINE#         26
  C:7C84H         LINE#         27
  C:7C86H         LINE#         28
  -------         ENDPROC       _NVIC_TIMER0_INIT
  -------         PROC          _NVIC_TIMER1_INIT
  D:0007H         SYMBOL        State
  D:0005H         SYMBOL        Priority
  C:7C87H         LINE#         38
  C:7C87H         LINE#         39
  C:7C87H         LINE#         40
  C:7C9BH         LINE#         41
  C:7CD1H         LINE#         42
  C:7CD3H         LINE#         43
  -------         ENDPROC       _NVIC_TIMER1_INIT
  -------         PROC          _NVIC_TIMER2_INIT
  D:0007H         SYMBOL        State
  D:0005H         SYMBOL        Priority
  C:8729H         LINE#         53
  C:8729H         LINE#         54
  C:8729H         LINE#         55
  C:8740H         LINE#         56
  C:8741H         LINE#         57
  C:8742H         LINE#         58
  -------         ENDPROC       _NVIC_TIMER2_INIT
  -------         PROC          _NVIC_TIMER3_INIT
  D:0007H         SYMBOL        State
  D:0005H         SYMBOL        Priority
  C:8743H         LINE#         68
  C:8743H         LINE#         69
  C:8743H         LINE#         70
  C:875AH         LINE#         71
  C:875BH         LINE#         72
  C:875CH         LINE#         73
  -------         ENDPROC       _NVIC_TIMER3_INIT
  -------         PROC          _NVIC_TIMER4_INIT
  D:0007H         SYMBOL        State
  D:0005H         SYMBOL        Priority
  C:86BDH         LINE#         83
  C:86BDH         LINE#         84
  C:86BDH         LINE#         85
  C:86D5H         LINE#         86
  C:86D6H         LINE#         87
  C:86D7H         LINE#         88
  -------         ENDPROC       _NVIC_TIMER4_INIT
  -------         PROC          _NVIC_INT0_INIT
  D:0007H         SYMBOL        State
  D:0005H         SYMBOL        Priority
  C:7CD4H         LINE#         98
  C:7CD4H         LINE#         99
  C:7CD4H         LINE#         100
  C:7CE8H         LINE#         101
  C:7D1EH         LINE#         102
  C:7D20H         LINE#         103
  -------         ENDPROC       _NVIC_INT0_INIT
BL51 BANKED LINKER/LOCATER V6.22.2.0                                                  06/16/2023  03:00:30  PAGE 27


  -------         PROC          _NVIC_INT1_INIT
  D:0007H         SYMBOL        State
  D:0005H         SYMBOL        Priority
  C:7D21H         LINE#         113
  C:7D21H         LINE#         114
  C:7D21H         LINE#         115
  C:7D35H         LINE#         116
  C:7D6BH         LINE#         117
  C:7D6DH         LINE#         118
  -------         ENDPROC       _NVIC_INT1_INIT
  -------         PROC          _NVIC_INT2_INIT
  D:0007H         SYMBOL        State
  D:0005H         SYMBOL        Priority
  C:87C4H         LINE#         128
  C:87C4H         LINE#         129
  C:87C4H         LINE#         130
  C:87DAH         LINE#         131
  C:87DBH         LINE#         132
  C:87DCH         LINE#         133
  -------         ENDPROC       _NVIC_INT2_INIT
  -------         PROC          _NVIC_INT3_INIT
  D:0007H         SYMBOL        State
  D:0005H         SYMBOL        Priority
  C:875DH         LINE#         143
  C:875DH         LINE#         144
  C:875DH         LINE#         145
  C:8774H         LINE#         146
  C:8775H         LINE#         147
  C:8776H         LINE#         148
  -------         ENDPROC       _NVIC_INT3_INIT
  -------         PROC          _NVIC_INT4_INIT
  D:0007H         SYMBOL        State
  D:0005H         SYMBOL        Priority
  C:86D8H         LINE#         158
  C:86D8H         LINE#         159
  C:86D8H         LINE#         160
  C:86F0H         LINE#         161
  C:86F1H         LINE#         162
  C:86F2H         LINE#         163
  -------         ENDPROC       _NVIC_INT4_INIT
  -------         PROC          _NVIC_ADC_INIT
  D:0007H         SYMBOL        State
  D:0005H         SYMBOL        Priority
  C:7D6EH         LINE#         173
  C:7D6EH         LINE#         174
  C:7D6EH         LINE#         175
  C:7D82H         LINE#         176
  C:7DB8H         LINE#         177
  C:7DBAH         LINE#         178
  -------         ENDPROC       _NVIC_ADC_INIT
  -------         PROC          _NVIC_CMP_INIT
  D:0007H         SYMBOL        State
  D:0005H         SYMBOL        Priority
  C:79A8H         LINE#         188
  C:79A8H         LINE#         189
  C:79A8H         LINE#         190
  C:79B1H         LINE#         191
BL51 BANKED LINKER/LOCATER V6.22.2.0                                                  06/16/2023  03:00:30  PAGE 28


  C:79B4H         LINE#         192
  C:79BDH         LINE#         193
  C:79C0H         LINE#         194
  C:79FAH         LINE#         195
  C:79FCH         LINE#         196
  -------         ENDPROC       _NVIC_CMP_INIT
  -------         PROC          _NVIC_I2C_INIT
  D:0007H         SYMBOL        Mode
  D:0005H         SYMBOL        State
  D:0003H         SYMBOL        Priority
  C:780FH         LINE#         208
  C:780FH         LINE#         209
  C:780FH         LINE#         210
  C:781CH         LINE#         211
  C:781FH         LINE#         212
  C:7824H         LINE#         213
  C:7824H         LINE#         214
  C:7834H         LINE#         215
  C:7836H         LINE#         216
  C:7839H         LINE#         217
  C:7839H         LINE#         218
  C:7841H         LINE#         219
  C:7841H         LINE#         221
  C:787BH         LINE#         222
  C:787DH         LINE#         223
  -------         ENDPROC       _NVIC_I2C_INIT
  -------         PROC          _NVIC_UART1_INIT
  D:0007H         SYMBOL        State
  D:0005H         SYMBOL        Priority
  C:7DBBH         LINE#         233
  C:7DBBH         LINE#         234
  C:7DBBH         LINE#         235
  C:7DCFH         LINE#         236
  C:7E05H         LINE#         237
  C:7E07H         LINE#         238
  -------         ENDPROC       _NVIC_UART1_INIT
  -------         PROC          _NVIC_UART2_INIT
  D:0007H         SYMBOL        State
  D:0005H         SYMBOL        Priority
  C:7B9EH         LINE#         248
  C:7B9EH         LINE#         249
  C:7B9EH         LINE#         250
  C:7BAFH         LINE#         251
  C:7BE9H         LINE#         252
  C:7BEBH         LINE#         253
  -------         ENDPROC       _NVIC_UART2_INIT
  -------         PROC          _NVIC_UART3_INIT
  D:0007H         SYMBOL        State
  D:0005H         SYMBOL        Priority
  C:79FDH         LINE#         263
  C:79FDH         LINE#         264
  C:79FDH         LINE#         265
  C:7A15H         LINE#         266
  C:7A4FH         LINE#         267
  C:7A51H         LINE#         268
  -------         ENDPROC       _NVIC_UART3_INIT
  -------         PROC          _NVIC_UART4_INIT
BL51 BANKED LINKER/LOCATER V6.22.2.0                                                  06/16/2023  03:00:30  PAGE 29


  D:0007H         SYMBOL        State
  D:0005H         SYMBOL        Priority
  C:7AA7H         LINE#         278
  C:7AA7H         LINE#         279
  C:7AA7H         LINE#         280
  C:7ABDH         LINE#         281
  C:7AF7H         LINE#         282
  C:7AF9H         LINE#         283
  -------         ENDPROC       _NVIC_UART4_INIT
  -------         PROC          _NVIC_SPI_INIT
  D:0007H         SYMBOL        State
  D:0005H         SYMBOL        Priority
  C:7AFAH         LINE#         293
  C:7AFAH         LINE#         294
  C:7AFAH         LINE#         295
  C:7B0FH         LINE#         296
  C:7B49H         LINE#         297
  C:7B4BH         LINE#         298
  -------         ENDPROC       _NVIC_SPI_INIT
  -------         PROC          _NVIC_PCA_INIT
  D:0007H         SYMBOL        Channel
  D:0005H         SYMBOL        State
  D:0003H         SYMBOL        Priority
  C:7728H         LINE#         309
  C:7728H         LINE#         310
  C:7728H         LINE#         312
  C:7767H         LINE#         313
  C:7778H         LINE#         314
  C:7778H         LINE#         315
  C:7778H         LINE#         316
  C:777AH         LINE#         317
  C:777CH         LINE#         319
  C:777CH         LINE#         320
  C:777EH         LINE#         321
  C:7780H         LINE#         323
  C:7780H         LINE#         324
  C:7782H         LINE#         325
  C:7784H         LINE#         327
  C:7784H         LINE#         328
  C:7787H         LINE#         329
  C:778CH         LINE#         330
  C:778FH         LINE#         331
  C:7791H         LINE#         333
  C:7791H         LINE#         334
  C:779CH         LINE#         335
  C:779CH         LINE#         336
  C:779CH         LINE#         337
  C:779EH         LINE#         338
  -------         ENDPROC       _NVIC_PCA_INIT
  -------         PROC          _NVIC_BMM_ADC_INIT
  D:0007H         SYMBOL        State
  D:0005H         SYMBOL        Priority
  D:0003H         SYMBOL        Bus_Priority
  C:0003H         LINE#         349
  C:0003H         LINE#         350
  C:0003H         LINE#         351
  C:0006H         LINE#         352
BL51 BANKED LINKER/LOCATER V6.22.2.0                                                  06/16/2023  03:00:30  PAGE 30


  C:000DH         LINE#         353
  C:0022H         LINE#         354
  C:0032H         LINE#         355
  C:003AH         LINE#         356
  C:0040H         LINE#         358
  C:0044H         LINE#         359
  C:0047H         LINE#         360
  C:0049H         LINE#         361
  -------         ENDPROC       _NVIC_BMM_ADC_INIT
  -------         PROC          _NVIC_BMM_M2M_INIT
  D:0007H         SYMBOL        State
  D:0005H         SYMBOL        Priority
  D:0003H         SYMBOL        Bus_Priority
  C:7E55H         LINE#         372
  C:7E55H         LINE#         373
  C:7E55H         LINE#         374
  C:7E58H         LINE#         375
  C:7E5FH         LINE#         376
  C:7E74H         LINE#         377
  C:7E84H         LINE#         378
  C:7E8CH         LINE#         379
  C:7E92H         LINE#         381
  C:7E96H         LINE#         382
  C:7E99H         LINE#         383
  C:7E9BH         LINE#         384
  -------         ENDPROC       _NVIC_BMM_M2M_INIT
  -------         PROC          _NVIC_BMM_SPI_INIT
  D:0007H         SYMBOL        State
  D:0005H         SYMBOL        Priority
  D:0003H         SYMBOL        Bus_Priority
  C:7E9CH         LINE#         395
  C:7E9CH         LINE#         396
  C:7E9CH         LINE#         397
  C:7E9FH         LINE#         398
  C:7EA6H         LINE#         399
  C:7EBBH         LINE#         400
  C:7ECBH         LINE#         401
  C:7ED3H         LINE#         402
  C:7ED9H         LINE#         404
  C:7EDDH         LINE#         405
  C:7EE0H         LINE#         406
  C:7EE2H         LINE#         407
  -------         ENDPROC       _NVIC_BMM_SPI_INIT
  -------         PROC          _NVIC_BMM_UART1_TX_INIT
  D:0007H         SYMBOL        State
  D:0005H         SYMBOL        Priority
  D:0003H         SYMBOL        Bus_Priority
  C:7EE3H         LINE#         418
  C:7EE3H         LINE#         419
  C:7EE3H         LINE#         420
  C:7EE6H         LINE#         421
  C:7EEDH         LINE#         422
  C:7F02H         LINE#         423
  C:7F12H         LINE#         424
  C:7F1AH         LINE#         425
  C:7F20H         LINE#         427
  C:7F24H         LINE#         428
BL51 BANKED LINKER/LOCATER V6.22.2.0                                                  06/16/2023  03:00:30  PAGE 31


  C:7F27H         LINE#         429
  C:7F29H         LINE#         430
  -------         ENDPROC       _NVIC_BMM_UART1_TX_INIT
  -------         PROC          _NVIC_BMM_UART1_RX_INIT
  D:0007H         SYMBOL        State
  D:0005H         SYMBOL        Priority
  D:0003H         SYMBOL        Bus_Priority
  C:7F2AH         LINE#         441
  C:7F2AH         LINE#         442
  C:7F2AH         LINE#         443
  C:7F2DH         LINE#         444
  C:7F34H         LINE#         445
  C:7F49H         LINE#         446
  C:7F59H         LINE#         447
  C:7F61H         LINE#         448
  C:7F67H         LINE#         450
  C:7F6BH         LINE#         451
  C:7F6EH         LINE#         452
  C:7F70H         LINE#         453
  -------         ENDPROC       _NVIC_BMM_UART1_RX_INIT
  -------         PROC          _NVIC_BMM_UART2_TX_INIT
  D:0007H         SYMBOL        State
  D:0005H         SYMBOL        Priority
  D:0003H         SYMBOL        Bus_Priority
  C:7F71H         LINE#         464
  C:7F71H         LINE#         465
  C:7F71H         LINE#         466
  C:7F74H         LINE#         467
  C:7F7BH         LINE#         468
  C:7F90H         LINE#         469
  C:7FA0H         LINE#         470
  C:7FA8H         LINE#         471
  C:7FAEH         LINE#         473
  C:7FB2H         LINE#         474
  C:7FB5H         LINE#         475
  C:7FB7H         LINE#         476
  -------         ENDPROC       _NVIC_BMM_UART2_TX_INIT
  -------         PROC          _NVIC_BMM_UART2_RX_INIT
  D:0007H         SYMBOL        State
  D:0005H         SYMBOL        Priority
  D:0003H         SYMBOL        Bus_Priority
  C:7FB8H         LINE#         487
  C:7FB8H         LINE#         488
  C:7FB8H         LINE#         489
  C:7FBBH         LINE#         490
  C:7FC2H         LINE#         491
  C:7FD7H         LINE#         492
  C:7FE7H         LINE#         493
  C:7FEFH         LINE#         494
  C:7FF5H         LINE#         496
  C:7FF9H         LINE#         497
  C:7FFCH         LINE#         498
  C:7FFEH         LINE#         499
  -------         ENDPROC       _NVIC_BMM_UART2_RX_INIT
  -------         PROC          _NVIC_BMM_UART3_TX_INIT
  D:0007H         SYMBOL        State
  D:0005H         SYMBOL        Priority
BL51 BANKED LINKER/LOCATER V6.22.2.0                                                  06/16/2023  03:00:30  PAGE 32


  D:0003H         SYMBOL        Bus_Priority
  C:7FFFH         LINE#         510
  C:7FFFH         LINE#         511
  C:7FFFH         LINE#         512
  C:8002H         LINE#         513
  C:8009H         LINE#         514
  C:801EH         LINE#         515
  C:802EH         LINE#         516
  C:8036H         LINE#         517
  C:803CH         LINE#         519
  C:8040H         LINE#         520
  C:8043H         LINE#         521
  C:8045H         LINE#         522
  -------         ENDPROC       _NVIC_BMM_UART3_TX_INIT
  -------         PROC          _NVIC_BMM_UART3_RX_INIT
  D:0007H         SYMBOL        State
  D:0005H         SYMBOL        Priority
  D:0003H         SYMBOL        Bus_Priority
  C:8046H         LINE#         533
  C:8046H         LINE#         534
  C:8046H         LINE#         535
  C:8049H         LINE#         536
  C:8050H         LINE#         537
  C:8065H         LINE#         538
  C:8075H         LINE#         539
  C:807DH         LINE#         540
  C:8083H         LINE#         542
  C:8087H         LINE#         543
  C:808AH         LINE#         544
  C:808CH         LINE#         545
  -------         ENDPROC       _NVIC_BMM_UART3_RX_INIT
  -------         PROC          _NVIC_BMM_UART4_TX_INIT
  D:0007H         SYMBOL        State
  D:0005H         SYMBOL        Priority
  D:0003H         SYMBOL        Bus_Priority
  C:808DH         LINE#         556
  C:808DH         LINE#         557
  C:808DH         LINE#         558
[...]
  -------         ENDPROC       _DELAY_50MS
  -------         PROC          _DELAY_1MS
  D:0006H         SYMBOL        Del_1ms
  -------         DO            
  D:0005H         SYMBOL        j
  -------         ENDDO         
  C:8791H         LINE#         177
  C:8791H         LINE#         178
  C:8791H         LINE#         180
  C:879BH         LINE#         181
  C:879BH         LINE#         182
  C:87AAH         LINE#         183
  C:87AAH         LINE#         184
  -------         ENDPROC       _DELAY_1MS
  -------         PROC          L?0121
  -------         ENDPROC       L?0121
  -------         PROC          _OLED_SET_POS
  D:0001H         SYMBOL        x
  D:0005H         SYMBOL        y
  C:849FH         LINE#         188
  C:84A1H         LINE#         189
  C:84AEH         LINE#         190
  C:84BFH         LINE#         191
  -------         ENDPROC       _OLED_SET_POS
  -------         PROC          OLED_DISPLAY_ON
  C:883BH         LINE#         194
  C:883BH         LINE#         195
  C:883BH         LINE#         196
  C:8840H         LINE#         197
  C:8849H         LINE#         198
  -------         ENDPROC       OLED_DISPLAY_ON
  -------         PROC          OLED_DISPLAY_OFF
  C:88A1H         LINE#         201
  C:88A1H         LINE#         202
  C:88A1H         LINE#         203
  C:88A6H         LINE#         204
  C:88A9H         LINE#         205
  -------         ENDPROC       OLED_DISPLAY_OFF
  -------         PROC          OLED_CLEAR
  -------         DO            
  D:0001H         SYMBOL        i
  X:03B9H         SYMBOL        n
  -------         ENDDO         
  C:83BFH         LINE#         208
  C:83BFH         LINE#         209
  C:83BFH         LINE#         211
  C:83CEH         LINE#         212
  C:83CEH         LINE#         213
  C:83CEH         LINE#         214
  C:83CEH         LINE#         215
  C:83D1H         LINE#         216
  C:83F2H         LINE#         217
  C:83F5H         LINE#         218
  -------         ENDPROC       OLED_CLEAR
  -------         PROC          OLED_CLEAR_12
  -------         DO            
BL51 BANKED LINKER/LOCATER V6.22.2.0                                                  06/16/2023  03:00:30  PAGE 73


  D:0001H         SYMBOL        i
  X:03B9H         SYMBOL        n
  -------         ENDDO         
  C:83F6H         LINE#         219
  C:83F6H         LINE#         220
  C:83F6H         LINE#         222
  C:8405H         LINE#         223
  C:8405H         LINE#         224
  C:8405H         LINE#         225
  C:8405H         LINE#         226
  C:8408H         LINE#         227
  C:8429H         LINE#         228
  C:842CH         LINE#         229
  -------         ENDPROC       OLED_CLEAR_12
  -------         PROC          OLED_ON
  -------         DO            
  D:0001H         SYMBOL        i
  X:0587H         SYMBOL        n
  -------         ENDDO         
  C:8319H         LINE#         230
  C:8319H         LINE#         231
  C:8319H         LINE#         233
  C:8328H         LINE#         234
  C:8328H         LINE#         235
  C:8328H         LINE#         236
  C:8328H         LINE#         237
  C:832BH         LINE#         238
  C:834DH         LINE#         239
  C:8350H         LINE#         240
  -------         ENDPROC       OLED_ON
  -------         PROC          _OLED_SHOWCHAR
  X:03C2H         SYMBOL        x
  X:03C3H         SYMBOL        y
  D:0003H         SYMBOL        chr
  X:03C5H         SYMBOL        Char_Size
  -------         DO            
  X:03C6H         SYMBOL        c
  D:0001H         SYMBOL        i
  -------         ENDDO         
  C:644EH         LINE#         246
  C:6459H         LINE#         247
  C:6459H         LINE#         248
  C:645FH         LINE#         249
  C:6463H         LINE#         250
  C:6477H         LINE#         251
  C:6482H         LINE#         252
  C:6482H         LINE#         253
  C:6485H         LINE#         254
  C:6491H         LINE#         255
  C:64BCH         LINE#         256
  C:64C8H         LINE#         257
  C:64D4H         LINE#         258
  C:64FFH         LINE#         259
  C:64FFH         LINE#         260
  C:64FFH         LINE#         261
  C:6502H         LINE#         262
  C:650EH         LINE#         263
BL51 BANKED LINKER/LOCATER V6.22.2.0                                                  06/16/2023  03:00:30  PAGE 74


  C:6539H         LINE#         265
  C:6539H         LINE#         266
  -------         ENDPROC       _OLED_SHOWCHAR
  -------         PROC          _OLED_POW
  X:03C2H         SYMBOL        m
  D:0001H         SYMBOL        n
  -------         DO            
  D:0006H         SYMBOL        result
  -------         ENDDO         
  C:8682H         LINE#         268
  C:8689H         LINE#         269
  C:8689H         LINE#         270
  C:868DH         LINE#         271
  C:869FH         LINE#         272
  C:869FH         LINE#         273
  -------         ENDPROC       _OLED_POW
  -------         PROC          _OLED_SHOWNUM
  X:03B9H         SYMBOL        x
  X:03BAH         SYMBOL        y
  X:03BBH         SYMBOL        num
  X:03BDH         SYMBOL        len
  X:03BEH         SYMBOL        size2
  -------         DO            
  X:03BFH         SYMBOL        t
  X:03C0H         SYMBOL        temp
  X:03C1H         SYMBOL        enshow
  -------         ENDDO         
  C:6E46H         LINE#         280
  C:6E54H         LINE#         281
  C:6E54H         LINE#         283
  C:6E59H         LINE#         284
  C:6E6EH         LINE#         285
  C:6E6EH         LINE#         286
  C:6E95H         LINE#         287
  C:6EA8H         LINE#         288
  C:6EA8H         LINE#         289
  C:6EACH         LINE#         290
  C:6EACH         LINE#         291
  C:6EC7H         LINE#         292
  C:6EC9H         LINE#         293
  C:6ECFH         LINE#         295
  C:6ECFH         LINE#         296
  C:6EF7H         LINE#         297
  C:6F00H         LINE#         298
  -------         ENDPROC       _OLED_SHOWNUM
  -------         PROC          _OLED_SHOWSTRING
  X:054BH         SYMBOL        x
  X:054CH         SYMBOL        y
  X:054DH         SYMBOL        chr
  X:0550H         SYMBOL        Char_Size
  -------         DO            
  X:0551H         SYMBOL        j
  -------         ENDDO         
  C:78E3H         LINE#         300
  C:78F4H         LINE#         301
  C:78F4H         LINE#         302
  C:78F9H         LINE#         303
BL51 BANKED LINKER/LOCATER V6.22.2.0                                                  06/16/2023  03:00:30  PAGE 75


  C:7913H         LINE#         304
  C:7926H         LINE#         305
  C:792DH         LINE#         306
  C:793EH         LINE#         307
  C:7944H         LINE#         308
  C:7946H         LINE#         309
  -------         ENDPROC       _OLED_SHOWSTRING
  -------         PROC          _OLED_SHOWCHINESE
  X:03B9H         SYMBOL        x
  X:03BAH         SYMBOL        y
  X:03BBH         SYMBOL        no
  -------         DO            
  D:0001H         SYMBOL        t
  X:03BCH         SYMBOL        adder
  -------         ENDDO         
  C:724EH         LINE#         311
  C:725BH         LINE#         312
  C:725BH         LINE#         313
  C:7260H         LINE#         314
  C:7263H         LINE#         315
  C:726FH         LINE#         316
  C:726FH         LINE#         317
  C:7297H         LINE#         318
  C:729DH         LINE#         319
  C:72A0H         LINE#         320
  C:72ACH         LINE#         321
  C:72B8H         LINE#         322
  C:72B8H         LINE#         323
  C:72E0H         LINE#         324
  C:72E6H         LINE#         325
  C:72E9H         LINE#         326
  -------         ENDPROC       _OLED_SHOWCHINESE
  -------         PROC          _OLED_DRAWBMP
  X:0532H         SYMBOL        x0
  D:0005H         SYMBOL        y0
  X:0534H         SYMBOL        x1
  X:0535H         SYMBOL        y1
  X:0536H         SYMBOL        BMP
  -------         DO            
  X:0539H         SYMBOL        j
  X:053BH         SYMBOL        x
  X:053CH         SYMBOL        y
  -------         ENDDO         
  C:7382H         LINE#         328
  C:738CH         LINE#         329
  C:738CH         LINE#         330
  C:7393H         LINE#         333
  C:73A4H         LINE#         334
  C:73B2H         LINE#         335
  C:73C5H         LINE#         336
  C:73C5H         LINE#         337
  C:73CDH         LINE#         338
  C:73DFH         LINE#         339
  C:73DFH         LINE#         340
  C:7404H         LINE#         341
  C:740CH         LINE#         342
  C:7414H         LINE#         343
BL51 BANKED LINKER/LOCATER V6.22.2.0                                                  06/16/2023  03:00:30  PAGE 76


  -------         ENDPROC       _OLED_DRAWBMP
  -------         PROC          OLED_INIT
  C:6709H         LINE#         346
  C:6709H         LINE#         347
  C:6709H         LINE#         349
  C:670FH         LINE#         350
  C:670FH         LINE#         351
  C:6712H         LINE#         352
  C:671BH         LINE#         353
  C:6724H         LINE#         354
  C:672DH         LINE#         355
  C:6736H         LINE#         356
  C:673FH         LINE#         357
  C:6748H         LINE#         358
  C:6751H         LINE#         359
  C:675AH         LINE#         360
  C:6763H         LINE#         361
  C:676CH         LINE#         362
  C:6774H         LINE#         364
  C:677DH         LINE#         365
  C:6786H         LINE#         367
  C:678FH         LINE#         368
  C:6798H         LINE#         370
  C:67A1H         LINE#         371
  C:67AAH         LINE#         373
  C:67B3H         LINE#         374
  C:67BCH         LINE#         376
  C:67C5H         LINE#         377
  C:67CEH         LINE#         379
  C:67D7H         LINE#         380
  C:67E0H         LINE#         382
  -------         ENDPROC       OLED_INIT
  -------         ENDMOD        OLED

  -------         MODULE        EEPROM
  C:0000H         SYMBOL        _ICE_DUMMY_
  D:0080H         PUBLIC        P0
  D:0090H         PUBLIC        P1
  C:87DDH         PUBLIC        _EEPROM_Delete
  D:00A0H         PUBLIC        P2
  D:00B0H         PUBLIC        P3
  D:00C0H         PUBLIC        P4
  D:00C8H         PUBLIC        P5
  D:00E8H         PUBLIC        P6
  C:8919H         PUBLIC        EEPROM_OFF
  D:00F8H         PUBLIC        P7
  D:00A8H         PUBLIC        IE
  D:00C5H         PUBLIC        IAP_CMD
  D:00B8H         PUBLIC        IP
  D:00C3H         PUBLIC        IAP_ADDRH
  D:00D8H         PUBLIC        CCON
  D:00C4H         PUBLIC        IAP_ADDRL
  C:870EH         PUBLIC        _EEPROM_Read
  D:00F5H         PUBLIC        IAP_TPS
  D:0098H         PUBLIC        SCON
  D:0088H         PUBLIC        TCON
  D:00F0H         PUBLIC        B
BL51 BANKED LINKER/LOCATER V6.22.2.0                                                  06/16/2023  03:00:30  PAGE 77


  D:00C7H         PUBLIC        IAP_CONTR
  D:00E0H         PUBLIC        ACC
  D:00C2H         PUBLIC        IAP_DATA
  D:00C6H         PUBLIC        IAP_TRIG
  C:86A0H         PUBLIC        _EEPROM_Change
  D:00D0H         PUBLIC        PSW
  -------         PROC          EEPROM_OFF
  C:8919H         LINE#         11
  C:8919H         LINE#         12
  C:8919H         LINE#         13
  C:891CH         LINE#         14
  C:891EH         LINE#         15
  C:8920H         LINE#         16
  C:8923H         LINE#         17
  C:8925H         LINE#         18
  -------         ENDPROC       EEPROM_OFF
  -------         PROC          _EEPROM_READ
  D:0006H         SYMBOL        addr
  -------         DO            
  D:0007H         SYMBOL        dat
  -------         ENDDO         
  C:870EH         LINE#         20
  C:870EH         LINE#         21
  C:870EH         LINE#         24
  C:8711H         LINE#         25
  C:8714H         LINE#         26
  C:8717H         LINE#         27
  C:8719H         LINE#         28
  C:871DH         LINE#         29
  C:8720H         LINE#         30
  C:8723H         LINE#         31
  C:8724H         LINE#         32
  C:8726H         LINE#         33
  -------         ENDPROC       _EEPROM_READ
  -------         PROC          _EEPROM_CHANGE
  D:0006H         SYMBOL        addr
  D:0005H         SYMBOL        dat
  C:86A0H         LINE#         38
  C:86A0H         LINE#         39
  C:86A0H         LINE#         40
  C:86A3H         LINE#         41
  C:86A6H         LINE#         42
  C:86A9H         LINE#         43
  C:86ABH         LINE#         44
  C:86AFH         LINE#         45
  C:86B3H         LINE#         46
  C:86B6H         LINE#         47
  C:86B9H         LINE#         48
  C:86BAH         LINE#         49
  -------         ENDPROC       _EEPROM_CHANGE
  -------         PROC          _EEPROM_DELETE
  D:0006H         SYMBOL        addr
  C:87DDH         LINE#         52
  C:87DDH         LINE#         53
  C:87DDH         LINE#         54
  C:87E0H         LINE#         55
  C:87E3H         LINE#         56
BL51 BANKED LINKER/LOCATER V6.22.2.0                                                  06/16/2023  03:00:30  PAGE 78


  C:87E6H         LINE#         57
  C:87E8H         LINE#         58
  C:87ECH         LINE#         59
  C:87EFH         LINE#         60
  C:87F2H         LINE#         61
  C:87F3H         LINE#         62
  -------         ENDPROC       _EEPROM_DELETE
  -------         ENDMOD        EEPROM

  -------         MODULE        ?C?COPY
  C:316FH         PUBLIC        ?C?COPY
  -------         ENDMOD        ?C?COPY

  -------         MODULE        ?C?CLDPTR
  C:3195H         PUBLIC        ?C?CLDPTR
  -------         ENDMOD        ?C?CLDPTR

  -------         MODULE        ?C?CLDOPTR
  C:31AEH         PUBLIC        ?C?CLDOPTR
  -------         ENDMOD        ?C?CLDOPTR

  -------         MODULE        ?C?CILDOPTR
  C:31DBH         PUBLIC        ?C?CILDOPTR
  -------         ENDMOD        ?C?CILDOPTR

  -------         MODULE        ?C?CSTPTR
  C:320EH         PUBLIC        ?C?CSTPTR
  -------         ENDMOD        ?C?CSTPTR

  -------         MODULE        ?C?CSTOPTR
  C:3220H         PUBLIC        ?C?CSTOPTR
  -------         ENDMOD        ?C?CSTOPTR

  -------         MODULE        ?C?IMUL
  C:3242H         PUBLIC        ?C?IMUL
  -------         ENDMOD        ?C?IMUL

  -------         MODULE        ?C?UIDIV
  C:3254H         PUBLIC        ?C?UIDIV
  -------         ENDMOD        ?C?UIDIV

  -------         MODULE        ?C?SIDIV
  C:32A9H         PUBLIC        ?C?SIDIV
  -------         ENDMOD        ?C?SIDIV

  -------         MODULE        ?C?IILDX
  C:32DFH         PUBLIC        ?C?IILDX
  -------         ENDMOD        ?C?IILDX

  -------         MODULE        ?C?ILDIX
  C:32F5H         PUBLIC        ?C?ILDIX
  -------         ENDMOD        ?C?ILDIX

  -------         MODULE        ?C?ILDOPTR
  C:330BH         PUBLIC        ?C?ILDOPTR
  -------         ENDMOD        ?C?ILDOPTR

BL51 BANKED LINKER/LOCATER V6.22.2.0                                                  06/16/2023  03:00:30  PAGE 79


  -------         MODULE        ?C?IILDOPTR
  C:3343H         PUBLIC        ?C?IILDOPTR
  -------         ENDMOD        ?C?IILDOPTR

  -------         MODULE        ?C?ISTOPTR
  C:3390H         PUBLIC        ?C?ISTOPTR
  -------         ENDMOD        ?C?ISTOPTR

  -------         MODULE        ?C?LMUL
  C:33BDH         PUBLIC        ?C?LMUL
  -------         ENDMOD        ?C?LMUL

  -------         MODULE        ?C?ULDIV
  C:3448H         PUBLIC        ?C?ULDIV
  -------         ENDMOD        ?C?ULDIV

  -------         MODULE        ?C?ULCMP
  C:34DAH         PUBLIC        ?C?ULCMP
  -------         ENDMOD        ?C?ULCMP

  -------         MODULE        ?C?ULSHR
  C:34EBH         PUBLIC        ?C?ULSHR
  -------         ENDMOD        ?C?ULSHR

  -------         MODULE        ?C?LSHL
  C:34FEH         PUBLIC        ?C?LSHL
  -------         ENDMOD        ?C?LSHL

  -------         MODULE        ?C?LLDPTR
  C:3511H         PUBLIC        ?C?LLDPTR
  -------         ENDMOD        ?C?LLDPTR

  -------         MODULE        ?C?LLDOPTR
  C:3531H         PUBLIC        ?C?LLDOPTR
  -------         ENDMOD        ?C?LLDOPTR

  -------         MODULE        ?C?LSTPTR
  C:3561H         PUBLIC        ?C?LSTPTR
  -------         ENDMOD        ?C?LSTPTR

  -------         MODULE        ?C?LSTOPTR
  C:357BH         PUBLIC        ?C?LSTOPTR
  -------         ENDMOD        ?C?LSTOPTR

  -------         MODULE        ?C?LLDIDATA
  C:359FH         PUBLIC        ?C?LLDIDATA
  -------         ENDMOD        ?C?LLDIDATA

  -------         MODULE        ?C?LLDIDATA0
  C:35ABH         PUBLIC        ?C?LLDIDATA0
  -------         ENDMOD        ?C?LLDIDATA0

  -------         MODULE        ?C?LLDPTR0
  C:35B8H         PUBLIC        ?C?LLDPTR0
  -------         ENDMOD        ?C?LLDPTR0

  -------         MODULE        ?C?LLDOPTR0
BL51 BANKED LINKER/LOCATER V6.22.2.0                                                  06/16/2023  03:00:30  PAGE 80


  C:35D8H         PUBLIC        ?C?LLDOPTR0
  -------         ENDMOD        ?C?LLDOPTR0

  -------         MODULE        ?C?LSTIDATA
  C:3608H         PUBLIC        ?C?LSTIDATA
  -------         ENDMOD        ?C?LSTIDATA

  -------         MODULE        ?C?LSTXDATA
  C:3614H         PUBLIC        ?C?LSTXDATA
  -------         ENDMOD        ?C?LSTXDATA

  -------         MODULE        ?C?LSTKIDATA
  C:3620H         PUBLIC        ?C?LSTKIDATA
  -------         ENDMOD        ?C?LSTKIDATA

  -------         MODULE        ?C?LSTKXDATA
  C:3639H         PUBLIC        ?C?LSTKXDATA
  -------         ENDMOD        ?C?LSTKXDATA

  -------         MODULE        ?C?LSTKPTR
  C:366AH         PUBLIC        ?C?LSTKPTR
  -------         ENDMOD        ?C?LSTKPTR

  -------         MODULE        ?C?LSTKOPTR
  C:3684H         PUBLIC        ?C?LSTKOPTR
  -------         ENDMOD        ?C?LSTKOPTR

  -------         MODULE        STRLEN
  C:8868H         PUBLIC        _STRLEN
  -------         ENDMOD        STRLEN

  -------         MODULE        ?C?LLDXDATA
  C:36A8H         PUBLIC        ?C?LLDXDATA
  -------         ENDMOD        ?C?LLDXDATA

  -------         MODULE        ?C?LLDPDATA
  C:36B4H         PUBLIC        ?C?LLDPDATA
  -------         ENDMOD        ?C?LLDPDATA

  -------         MODULE        ?C?LLDCODE
  C:36C0H         PUBLIC        ?C?LLDCODE
  -------         ENDMOD        ?C?LLDCODE

  -------         MODULE        ?C?LLDXDATA0
  C:36D0H         PUBLIC        ?C?LLDXDATA0
  -------         ENDMOD        ?C?LLDXDATA0

  -------         MODULE        ?C?LLDPDATA0
  C:36DCH         PUBLIC        ?C?LLDPDATA0
  -------         ENDMOD        ?C?LLDPDATA0

  -------         MODULE        ?C?LLDCODE0
  C:36E9H         PUBLIC        ?C?LLDCODE0
  -------         ENDMOD        ?C?LLDCODE0

  -------         MODULE        ?C?LSTPDATA
  C:36F9H         PUBLIC        ?C?LSTPDATA
BL51 BANKED LINKER/LOCATER V6.22.2.0                                                  06/16/2023  03:00:30  PAGE 81


  -------         ENDMOD        ?C?LSTPDATA

  -------         MODULE        ?C?LSTKPDATA
  C:3705H         PUBLIC        ?C?LSTKPDATA
  -------         ENDMOD        ?C?LSTKPDATA

Program Size: data=41.2 xdata=1416 code=35279
LINK/LOCATE RUN COMPLETE.  0 WARNING(S),  0 ERROR(S)
